2026-06-03 17:45:33,646 INFO    entra    Fetched 1508 users from Entra ID
2026-06-03 17:47:37,281 INFO    ukg      Fetched 11567 employment rows and 11280 person rows from UKG
2026-06-03 17:47:37,723 INFO    ukg      Dedupe collapsed 11567 rows -> 11562 unique employees
2026-06-03 17:47:37,723 INFO    ukg      After merge/dedupe: 11562 employees; 1044 active, 10518 inactive (filtered out). Set UKG_ACTIVE_ONLY=false to include all.
2026-06-03 17:48:29,661 INFO    report   Wrote match plan: /home/promano/Downloads/ukg-to-entra/reports/match_plan_20260603_174829.csv
2026-06-03 17:48:29,743 INFO    report   Wrote manual review workbook: /home/promano/Downloads/ukg-to-entra/reports/manual_review_20260603_174829.xlsx (28 items, 33 rows)
2026-06-03 17:48:29,743 INFO    main     Mapped fields: job_title->jobTitle, department->department, location->officeLocation
2026-06-03 17:48:29,772 INFO    main     HR sync: 890 users with changes (737 cloud-only -> Entra, 153 AD-synced -> on-prem report only)
2026-06-03 17:48:29,777 INFO    report   Wrote HR sync plan: /home/promano/Downloads/ukg-to-entra/reports/hr_sync_plan_20260603_174829.csv (890 users)
2026-06-03 17:48:29,779 WARNING report   153 AD-synced user(s) were NOT written to Entra (mastered on-prem). See: /home/promano/Downloads/ukg-to-entra/reports/on_prem_changes_20260603_174829.csv
2026-06-03 17:48:29,786 INFO    report   Wrote audit log: /home/promano/Downloads/ukg-to-entra/reports/audit_20260603_174829.json
2026-06-03 17:48:29,786 WARNING main     ACTION NEEDED: 153 AD-synced user(s) must be updated in on-prem AD (not Entra). See reports/on_prem_changes_*.csv
2026-06-03 17:48:29,786 INFO    main     Done.
2026-06-03 18:36:49,887 INFO    ukg      Loaded 4 department descriptions from /configuration/v1/org-levels/3
2026-06-03 18:36:50,288 INFO    ukg      Loaded 111 location descriptions from /configuration/v1/locations
2026-06-03 18:36:51,745 INFO    entra    Fetched 1508 users from Entra ID
2026-06-03 18:38:48,100 INFO    ukg      Fetched 11568 employment rows and 11281 person rows from UKG
2026-06-03 18:38:48,558 INFO    ukg      Dedupe collapsed 11568 rows -> 11563 unique employees
2026-06-03 18:38:48,559 INFO    ukg      After merge/dedupe: 11563 employees; 1045 active, 10518 inactive (filtered out). Set UKG_ACTIVE_ONLY=false to include all.
2026-06-03 18:39:38,556 INFO    report   Wrote match plan: /home/promano/Downloads/ukg-to-entra/reports/match_plan_20260603_183938.csv
2026-06-03 18:39:38,638 INFO    report   Wrote manual review workbook: /home/promano/Downloads/ukg-to-entra/reports/manual_review_20260603_183938.xlsx (27 items, 32 rows)
2026-06-03 18:39:38,639 INFO    main     Mapped fields: job_title->jobTitle, department->department, location->officeLocation
2026-06-03 18:39:38,668 INFO    main     HR sync: 891 users with changes (737 cloud-only -> Entra, 154 AD-synced -> on-prem report only)
2026-06-03 18:39:38,675 INFO    report   Wrote HR sync plan: /home/promano/Downloads/ukg-to-entra/reports/hr_sync_plan_20260603_183938.csv (891 users)
2026-06-03 18:39:38,676 WARNING report   154 AD-synced user(s) were NOT written to Entra (mastered on-prem). See: /home/promano/Downloads/ukg-to-entra/reports/on_prem_changes_20260603_183938.csv
2026-06-03 18:39:38,683 INFO    report   Wrote audit log: /home/promano/Downloads/ukg-to-entra/reports/audit_20260603_183938.json
2026-06-03 18:39:38,684 WARNING main     ACTION NEEDED: 154 AD-synced user(s) must be updated in on-prem AD (not Entra). See reports/on_prem_changes_*.csv
2026-06-03 18:39:38,684 INFO    main     Done.
2026-06-04 08:59:03,044 INFO    ukg      Loaded 4 department descriptions from /configuration/v1/org-levels/3
2026-06-04 08:59:03,434 INFO    ukg      Loaded 111 location descriptions from /configuration/v1/locations
2026-06-04 08:59:05,045 INFO    entra    Fetched 1505 users from Entra ID
2026-06-04 09:01:48,339 INFO    ukg      Fetched 11568 employment rows and 11281 person rows from UKG
2026-06-04 09:01:48,637 INFO    ukg      Dedupe collapsed 11568 rows -> 11563 unique employees
2026-06-04 09:01:48,637 INFO    ukg      After merge/dedupe: 11563 employees; 1045 active, 10518 inactive (filtered out). Set UKG_ACTIVE_ONLY=false to include all.
2026-06-04 09:02:22,898 INFO    report   Wrote match plan: /home/philromano/Downloads/ukgtoentra/reports/match_plan_20260604_090222.csv
2026-06-04 09:02:22,953 INFO    report   Wrote manual review workbook: /home/philromano/Downloads/ukgtoentra/reports/manual_review_20260604_090222.xlsx (27 items, 32 rows)
2026-06-04 09:02:22,953 INFO    main     Mapped fields: job_title->jobTitle, department->department, location->officeLocation
2026-06-04 09:02:22,975 INFO    main     HR sync: 888 users with changes (734 cloud-only -> Entra, 154 AD-synced -> on-prem report only)
2026-06-04 09:02:22,979 INFO    report   Wrote HR sync plan: /home/philromano/Downloads/ukgtoentra/reports/hr_sync_plan_20260604_090222.csv (888 users)
2026-06-04 09:02:22,980 WARNING report   154 AD-synced user(s) were NOT written to Entra (mastered on-prem). See: /home/philromano/Downloads/ukgtoentra/reports/on_prem_changes_20260604_090222.csv
2026-06-04 09:02:22,981 INFO    report   Wrote PowerShell script for 154 AD-synced user(s): /home/philromano/Downloads/ukgtoentra/reports/on_prem_changes_20260604_090222.ps1
2026-06-04 09:02:22,990 INFO    report   Wrote audit log: /home/philromano/Downloads/ukgtoentra/reports/audit_20260604_090222.json
2026-06-04 09:02:22,990 WARNING main     ACTION NEEDED: 154 AD-synced user(s) must be updated in on-prem AD (not Entra). See reports/on_prem_changes_*.csv
2026-06-04 09:02:22,990 INFO    main     Done.
2026-06-04 10:17:22,912 INFO    ukg      Loaded 4 department descriptions from /configuration/v1/org-levels/3
2026-06-04 10:17:23,730 INFO    ukg      Loaded 111 location descriptions from /configuration/v1/locations
2026-06-04 10:17:25,416 INFO    entra    Fetched 1512 users from Entra ID
2026-06-04 10:19:31,640 INFO    ukg      Fetched 11569 employment rows and 11282 person rows from UKG
2026-06-04 10:19:31,944 INFO    ukg      Dedupe collapsed 11569 rows -> 11564 unique employees
2026-06-04 10:19:31,945 INFO    ukg      After merge/dedupe: 11564 employees; 1046 active, 10518 inactive (filtered out). Set UKG_ACTIVE_ONLY=false to include all.
2026-06-04 10:20:06,195 INFO    report   Wrote match plan: /home/philromano/Downloads/ukgtoentra/reports/match_plan_20260604_102006.csv
2026-06-04 10:20:06,251 INFO    report   Wrote manual review workbook: /home/philromano/Downloads/ukgtoentra/reports/manual_review_20260604_102006.xlsx (27 items, 32 rows)
2026-06-04 10:20:06,251 INFO    main     Mapped fields: job_title->jobTitle, department->department, location->officeLocation
2026-06-04 10:20:06,272 INFO    main     HR sync: 887 users with changes (734 cloud-only -> Entra, 153 AD-synced -> on-prem report only)
2026-06-04 10:20:06,275 INFO    report   Wrote HR sync plan: /home/philromano/Downloads/ukgtoentra/reports/hr_sync_plan_20260604_102006.csv (887 users)
2026-06-04 10:20:06,276 WARNING report   153 AD-synced user(s) were NOT written to Entra (mastered on-prem). See: /home/philromano/Downloads/ukgtoentra/reports/on_prem_changes_20260604_102006.csv
2026-06-04 10:20:06,277 INFO    report   Wrote PowerShell script for 153 AD-synced user(s): /home/philromano/Downloads/ukgtoentra/reports/on_prem_changes_20260604_102006.ps1
2026-06-04 10:20:06,289 INFO    report   Wrote audit log: /home/philromano/Downloads/ukgtoentra/reports/audit_20260604_102006.json
2026-06-04 10:20:06,289 WARNING main     ACTION NEEDED: 153 AD-synced user(s) must be updated in on-prem AD (not Entra). See reports/on_prem_changes_*.csv
2026-06-04 10:20:06,289 INFO    main     Done.
2026-06-04 10:31:25,446 INFO    ukg      Loaded 4 department descriptions from /configuration/v1/org-levels/3
2026-06-04 10:31:26,163 INFO    ukg      Loaded 111 location descriptions from /configuration/v1/locations
2026-06-04 10:31:27,825 INFO    entra    Fetched 1519 users from Entra ID
2026-06-04 10:33:41,678 INFO    ukg      Fetched 11569 employment rows and 11282 person rows from UKG
2026-06-04 10:33:41,973 INFO    ukg      Dedupe collapsed 11569 rows -> 11564 unique employees
2026-06-04 10:33:41,974 INFO    ukg      After merge/dedupe: 11564 employees; 1046 active, 10518 inactive (filtered out). Set UKG_ACTIVE_ONLY=false to include all.
2026-06-04 10:40:24,034 INFO    interactive Interactive fuzzy confirmation: 72 applied, 0 excluded.
2026-06-04 10:40:24,043 INFO    report   Wrote match plan: /home/philromano/Downloads/ukgtoentra/reports/match_plan_20260604_104024.csv
2026-06-04 10:40:24,134 INFO    report   Wrote manual review workbook: /home/philromano/Downloads/ukgtoentra/reports/manual_review_20260604_104024.xlsx (27 items, 32 rows)
2026-06-04 10:40:24,135 INFO    main     Mapped fields: job_title->jobTitle, department->department, location->officeLocation
2026-06-04 10:40:24,160 INFO    main     HR sync: 887 users with changes (734 cloud-only -> Entra, 153 AD-synced -> on-prem report only)
2026-06-04 10:40:24,160 WARNING main     PILOT MODE: writing at most 5 user(s) this run.
2026-06-04 10:40:24,704 INFO    hrsync   [WRITTEN] Jushonda Rowell attrs[204] manager[unchanged]
2026-06-04 10:40:25,698 INFO    hrsync   [WRITTEN] James Black attrs[204] manager[204]
2026-06-04 10:40:26,582 INFO    hrsync   [WRITTEN] Glenn Riggs attrs[204] manager[204]
2026-06-04 10:40:27,411 INFO    hrsync   [WRITTEN] Keesha Williams attrs[204] manager[204]
2026-06-04 10:40:28,213 INFO    hrsync   [WRITTEN] Charles Ables attrs[204] manager[204]
2026-06-04 10:40:28,220 INFO    report   Wrote HR sync plan: /home/philromano/Downloads/ukgtoentra/reports/hr_sync_plan_20260604_104028.csv (887 users)
2026-06-04 10:40:28,221 WARNING report   153 AD-synced user(s) were NOT written to Entra (mastered on-prem). See: /home/philromano/Downloads/ukgtoentra/reports/on_prem_changes_20260604_104028.csv
2026-06-04 10:40:28,222 INFO    report   Wrote PowerShell script for 153 AD-synced user(s): /home/philromano/Downloads/ukgtoentra/reports/on_prem_changes_20260604_104028.ps1
2026-06-04 10:40:28,234 INFO    report   Wrote audit log: /home/philromano/Downloads/ukgtoentra/reports/audit_20260604_104028.json
2026-06-04 10:40:28,235 INFO    report   Wrote rollback backup (5 users): /home/philromano/Downloads/ukgtoentra/reports/backup_20260604_104028.json
2026-06-04 10:40:28,235 WARNING main     ACTION NEEDED: 153 AD-synced user(s) must be updated in on-prem AD (not Entra). See reports/on_prem_changes_*.csv
2026-06-04 10:40:28,235 INFO    main     Done.
2026-06-04 10:43:41,006 INFO    ukg      Loaded 4 department descriptions from /configuration/v1/org-levels/3
2026-06-04 10:43:41,712 INFO    ukg      Loaded 111 location descriptions from /configuration/v1/locations
2026-06-04 10:43:43,157 INFO    entra    Fetched 1522 users from Entra ID
2026-06-04 10:45:51,168 INFO    ukg      Fetched 11569 employment rows and 11282 person rows from UKG
2026-06-04 10:45:51,480 INFO    ukg      Dedupe collapsed 11569 rows -> 11564 unique employees
2026-06-04 10:45:51,480 INFO    ukg      After merge/dedupe: 11564 employees; 1046 active, 10518 inactive (filtered out). Set UKG_ACTIVE_ONLY=false to include all.
2026-06-04 10:49:39,789 INFO    interactive Interactive fuzzy confirmation: 72 applied, 0 excluded.
2026-06-04 10:49:39,798 INFO    report   Wrote match plan: /home/philromano/Downloads/ukgtoentra/reports/match_plan_20260604_104939.csv
2026-06-04 10:49:39,866 INFO    report   Wrote manual review workbook: /home/philromano/Downloads/ukgtoentra/reports/manual_review_20260604_104939.xlsx (27 items, 32 rows)
2026-06-04 10:49:39,866 INFO    main     Mapped fields: job_title->jobTitle, department->department, location->officeLocation
2026-06-04 10:49:39,893 INFO    main     HR sync: 888 users with changes (735 cloud-only -> Entra, 153 AD-synced -> on-prem report only)
2026-06-04 10:49:40,230 INFO    hrsync   [WRITTEN] Jushonda Rowell manager[unchanged]
2026-06-04 10:49:40,638 INFO    hrsync   [WRITTEN] James Black manager[unchanged]
2026-06-04 10:49:41,038 INFO    hrsync   [WRITTEN] Glenn Riggs manager[unchanged]
2026-06-04 10:49:41,434 INFO    hrsync   [WRITTEN] Keesha Williams manager[unchanged]
2026-06-04 10:49:41,817 INFO    hrsync   [WRITTEN] Charles Ables manager[unchanged]
2026-06-04 10:49:42,710 INFO    hrsync   [WRITTEN] Tiffany Hills attrs[204] manager[204]
2026-06-04 10:49:43,514 INFO    hrsync   [WRITTEN] Jeffrey Lounds attrs[204] manager[204]
2026-06-04 10:49:44,499 INFO    hrsync   [WRITTEN] Deborah Smith attrs[204] manager[204]
2026-06-04 10:49:45,383 INFO    hrsync   [WRITTEN] Andrea Donovan attrs[204] manager[204]
2026-06-04 10:49:46,266 INFO    hrsync   [WRITTEN] Marianne Sylvester attrs[204] manager[204]
2026-06-04 10:49:47,028 INFO    hrsync   [WRITTEN] Gail Lezak attrs[204] manager[204]
2026-06-04 10:49:47,833 INFO    hrsync   [WRITTEN] Lawrence Price attrs[204] manager[204]
2026-06-04 10:49:48,650 INFO    hrsync   [WRITTEN] Jeffrey Christman attrs[204] manager[204]
2026-06-04 10:49:49,733 INFO    hrsync   [WRITTEN] Christian Schumaker attrs[204] manager[204]
2026-06-04 10:49:50,604 INFO    hrsync   [WRITTEN] Valerie McIntyre attrs[204] manager[204]
2026-06-04 10:49:51,391 INFO    hrsync   [WRITTEN] Tiffany Mudrick attrs[204] manager[204]
2026-06-04 10:49:52,190 INFO    hrsync   [WRITTEN] Kathy Carver attrs[204] manager[204]
2026-06-04 10:49:52,997 INFO    hrsync   [WRITTEN] Tim Ford attrs[204] manager[204]
2026-06-04 10:49:53,309 INFO    hrsync   [WRITTEN] Michael Moore attrs[204]
2026-06-04 10:49:54,201 INFO    hrsync   [WRITTEN] Angelia Law attrs[204] manager[204]
2026-06-04 10:49:54,999 INFO    hrsync   [WRITTEN] Douglas Simmons attrs[204] manager[204]
2026-06-04 10:49:55,790 INFO    hrsync   [WRITTEN] Cynthia Carper attrs[204] manager[204]
2026-06-04 10:49:56,427 INFO    hrsync   [WRITTEN] Harry Drake attrs[204] manager[unchanged]
2026-06-04 10:49:57,338 INFO    hrsync   [WRITTEN] Betty Tomblin attrs[204] manager[204]
2026-06-04 10:49:58,250 INFO    hrsync   [WRITTEN] Paul Williams attrs[204] manager[204]
2026-06-04 10:49:59,346 INFO    hrsync   [WRITTEN] Darin Potprocky attrs[204] manager[204]
2026-06-04 10:50:00,115 INFO    hrsync   [WRITTEN] Tammy Patchin attrs[204] manager[204]
2026-06-04 10:50:01,073 INFO    hrsync   [WRITTEN] Karla Miller attrs[204] manager[204]
2026-06-04 10:50:02,172 INFO    hrsync   [WRITTEN] Patricia Davis attrs[204] manager[204]
2026-06-04 10:50:02,957 INFO    hrsync   [WRITTEN] William Petersheim attrs[204] manager[204]
2026-06-04 10:50:03,749 INFO    hrsync   [WRITTEN] Alice Cerinski attrs[204] manager[204]
2026-06-04 10:50:04,535 INFO    hrsync   [WRITTEN] Tiffany Tattrie attrs[204] manager[204]
2026-06-04 10:50:05,467 INFO    hrsync   [WRITTEN] Rebecca Maruschak attrs[204] manager[204]
2026-06-04 10:50:06,263 INFO    hrsync   [WRITTEN] Forrest Novak attrs[204] manager[204]
2026-06-04 10:50:07,154 INFO    hrsync   [WRITTEN] Lenny Baranski attrs[204] manager[204]
2026-06-04 10:50:08,035 INFO    hrsync   [WRITTEN] Marsha Hess attrs[204] manager[204]
2026-06-04 10:50:08,797 INFO    hrsync   [WRITTEN] Kyanna Williams attrs[204] manager[204]
2026-06-04 10:50:09,883 INFO    hrsync   [WRITTEN] Laura Motz attrs[204] manager[204]
2026-06-04 10:50:10,669 INFO    hrsync   [WRITTEN] Timothy Tallman attrs[204] manager[204]
2026-06-04 10:50:11,497 INFO    hrsync   [WRITTEN] Robert Fraze attrs[204] manager[204]
2026-06-04 10:50:12,082 INFO    hrsync   [WRITTEN] Amy Morgan attrs[204] manager[unchanged]
2026-06-04 10:50:13,068 INFO    hrsync   [WRITTEN] Lori Bejbl attrs[204] manager[204]
2026-06-04 10:50:13,952 INFO    hrsync   [WRITTEN] April Steele attrs[204] manager[204]
2026-06-04 10:50:14,834 INFO    hrsync   [WRITTEN] Patrick Swonger attrs[204] manager[204]
2026-06-04 10:50:15,810 INFO    hrsync   [WRITTEN] Jessica Short attrs[204] manager[204]
2026-06-04 10:50:16,678 INFO    hrsync   [WRITTEN] Adan Brake attrs[204] manager[204]
2026-06-04 10:50:17,494 INFO    hrsync   [WRITTEN] Edward Kalinauskas attrs[204] manager[204]
2026-06-04 10:50:18,310 INFO    hrsync   [WRITTEN] Lewis McGlothlin attrs[204] manager[204]
2026-06-04 10:50:19,251 INFO    hrsync   [WRITTEN] Erin Lohrum attrs[204] manager[204]
2026-06-04 10:50:20,087 INFO    hrsync   [WRITTEN] Janice Supek attrs[204] manager[204]
2026-06-04 10:50:20,883 INFO    hrsync   [WRITTEN] Sara McElwain attrs[204] manager[204]
2026-06-04 10:50:21,884 INFO    hrsync   [WRITTEN] Abigail Lillie attrs[204] manager[204]
2026-06-04 10:50:22,769 INFO    hrsync   [WRITTEN] Melinda Dudley attrs[204] manager[204]
2026-06-04 10:50:23,518 INFO    hrsync   [WRITTEN] Cathy Scott attrs[204] manager[204]
2026-06-04 10:50:24,357 INFO    hrsync   [WRITTEN] Antonio Bennett attrs[204] manager[204]
2026-06-04 10:50:25,147 INFO    hrsync   [WRITTEN] Alex Taylor attrs[204] manager[204]
2026-06-04 10:50:26,146 INFO    hrsync   [WRITTEN] Mary McCarthy attrs[204] manager[204]
2026-06-04 10:50:26,887 INFO    hrsync   [WRITTEN] Travis Beard attrs[204] manager[204]
2026-06-04 10:50:27,795 INFO    hrsync   [WRITTEN] Demetrius Thomas attrs[204] manager[204]
2026-06-04 10:50:28,624 INFO    hrsync   [WRITTEN] Hunter McCollins attrs[204] manager[204]
2026-06-04 10:50:29,436 INFO    hrsync   [WRITTEN] Rita Barr attrs[204] manager[204]
2026-06-04 10:50:30,249 INFO    hrsync   [WRITTEN] Lynn Kopasakis attrs[204] manager[204]
2026-06-04 10:50:31,047 INFO    hrsync   [WRITTEN] Dawn Rusnak attrs[204] manager[204]
2026-06-04 10:50:31,843 INFO    hrsync   [WRITTEN] Patricia Herink attrs[204] manager[204]
2026-06-04 10:50:32,367 INFO    hrsync   [WRITTEN] Melinda Haney attrs[204] manager[unchanged]
2026-06-04 10:50:33,314 INFO    hrsync   [WRITTEN] Nicholas Garrett attrs[204] manager[204]
2026-06-04 10:50:33,853 INFO    hrsync   [WRITTEN] Bryant Harvey attrs[204] manager[unchanged]
2026-06-04 10:50:34,897 INFO    hrsync   [WRITTEN] Jane Laurinaitis attrs[204] manager[204]
2026-06-04 10:50:35,823 INFO    hrsync   [WRITTEN] Taylor Little attrs[204] manager[204]
2026-06-04 10:50:36,687 INFO    hrsync   [WRITTEN] Angela Quillin attrs[204] manager[204]
2026-06-04 10:50:37,708 INFO    hrsync   [WRITTEN] Mary Salinas attrs[204] manager[204]
2026-06-04 10:50:38,602 INFO    hrsync   [WRITTEN] Sara Zigler attrs[204] manager[204]
2026-06-04 10:50:39,383 INFO    hrsync   [WRITTEN] John Stertzbach attrs[204] manager[204]
2026-06-04 10:50:40,218 INFO    hrsync   [WRITTEN] Nancy Graff attrs[204] manager[204]
2026-06-04 10:50:41,094 INFO    hrsync   [WRITTEN] Ashley Cleary attrs[204] manager[204]
2026-06-04 10:50:42,031 INFO    hrsync   [WRITTEN] Kelly Bonacci attrs[204] manager[204]
2026-06-04 10:50:42,794 INFO    hrsync   [WRITTEN] Aaron Toulson attrs[204] manager[204]
2026-06-04 10:50:43,666 INFO    hrsync   [WRITTEN] Jeremy Puckett attrs[204] manager[204]
2026-06-04 10:50:44,210 INFO    hrsync   [WRITTEN] Nicolette Crum attrs[204] manager[unchanged]
2026-06-04 10:50:45,164 INFO    hrsync   [WRITTEN] Juanita Akerblad attrs[204] manager[204]
2026-06-04 10:50:45,920 INFO    hrsync   [WRITTEN] Ethan Randolph attrs[204] manager[204]
2026-06-04 10:50:46,721 INFO    hrsync   [WRITTEN] Rhonda Smith attrs[204] manager[204]
2026-06-04 10:50:47,649 INFO    hrsync   [WRITTEN] Christina Ralston attrs[204] manager[204]
2026-06-04 10:50:48,537 INFO    hrsync   [WRITTEN] Carol Taormina attrs[204] manager[204]
2026-06-04 10:50:49,353 INFO    hrsync   [WRITTEN] Lindsay Nameth attrs[204] manager[204]
2026-06-04 10:50:50,189 INFO    hrsync   [WRITTEN] William McWilliams attrs[204] manager[204]
2026-06-04 10:50:50,960 INFO    hrsync   [WRITTEN] Jane Rusnak attrs[204] manager[204]
2026-06-04 10:50:52,007 INFO    hrsync   [WRITTEN] James Kontra attrs[204] manager[204]
2026-06-04 10:50:52,761 INFO    hrsync   [WRITTEN] Donna Davis attrs[204] manager[204]
2026-06-04 10:50:53,598 INFO    hrsync   [WRITTEN] Leshon Tyus attrs[204] manager[204]
2026-06-04 10:50:54,390 INFO    hrsync   [WRITTEN] Osie White attrs[204] manager[204]
2026-06-04 10:50:55,187 INFO    hrsync   [WRITTEN] Cheryl Speece attrs[204] manager[204]
2026-06-04 10:50:56,102 INFO    hrsync   [WRITTEN] Dakota Hampton attrs[204] manager[204]
2026-06-04 10:50:57,094 INFO    hrsync   [WRITTEN] Anne McVeigh attrs[204] manager[204]
2026-06-04 10:50:57,986 INFO    hrsync   [WRITTEN] Semaj Williams attrs[204] manager[204]
2026-06-04 10:50:58,881 INFO    hrsync   [WRITTEN] Wahren Zhao attrs[204] manager[204]
2026-06-04 10:50:59,832 INFO    hrsync   [WRITTEN] Aubrey Schenker attrs[204] manager[204]
2026-06-04 10:51:00,581 INFO    hrsync   [WRITTEN] Samuel Majoros attrs[204] manager[204]
2026-06-04 10:51:01,425 INFO    hrsync   [WRITTEN] Gregory Rogers attrs[204] manager[204]
2026-06-04 10:51:02,317 INFO    hrsync   [WRITTEN] Colleen Morrison attrs[204] manager[204]
2026-06-04 10:51:03,060 INFO    hrsync   [WRITTEN] Claudia Ball attrs[204] manager[204]
2026-06-04 10:51:04,005 INFO    hrsync   [WRITTEN] Jason Hyde attrs[204] manager[204]
2026-06-04 10:51:04,153 INFO    hrsync   [WRITTEN] Elizabeth Heintz attrs[204]
2026-06-04 10:51:04,778 INFO    hrsync   [WRITTEN] Mark DeGraffenreed attrs[204] manager[unchanged]
2026-06-04 10:51:05,617 INFO    hrsync   [WRITTEN] Della Bake attrs[204] manager[204]
2026-06-04 10:51:06,555 INFO    hrsync   [WRITTEN] Pallas Stahlman attrs[204] manager[204]
2026-06-04 10:51:07,428 INFO    hrsync   [WRITTEN] Stephanie Beeson attrs[204] manager[204]
2026-06-04 10:51:08,273 INFO    hrsync   [WRITTEN] Melvin Scott attrs[204] manager[204]
2026-06-04 10:51:09,083 INFO    hrsync   [WRITTEN] Bradford Belcher attrs[204] manager[204]
2026-06-04 10:51:09,842 INFO    hrsync   [WRITTEN] Amanda Todd attrs[204] manager[204]
2026-06-04 10:51:10,761 INFO    hrsync   [WRITTEN] Anthony Orsini attrs[204] manager[204]
2026-06-04 10:51:11,556 INFO    hrsync   [WRITTEN] Heidi Heinzeroth attrs[204] manager[204]
2026-06-04 10:51:12,365 INFO    hrsync   [WRITTEN] Toni Mayle attrs[204] manager[204]
2026-06-04 10:51:13,190 INFO    hrsync   [WRITTEN] Anita Szell attrs[204] manager[204]
2026-06-04 10:51:13,967 INFO    hrsync   [WRITTEN] Mary Wolfe attrs[204] manager[204]
2026-06-04 10:51:14,783 INFO    hrsync   [WRITTEN] Cynthia Fekete attrs[204] manager[204]
2026-06-04 10:51:15,688 INFO    hrsync   [WRITTEN] Darrian Slate attrs[204] manager[204]
2026-06-04 10:51:16,530 INFO    hrsync   [WRITTEN] Kimberly Thornton attrs[204] manager[204]
2026-06-04 10:51:17,435 INFO    hrsync   [WRITTEN] Daniel Mastroianni attrs[204] manager[204]
2026-06-04 10:51:18,320 INFO    hrsync   [WRITTEN] Daniel Nelson attrs[204] manager[204]
2026-06-04 10:51:19,070 INFO    hrsync   [WRITTEN] Olga Kovach attrs[204] manager[204]
2026-06-04 10:51:20,030 INFO    hrsync   [WRITTEN] Rebecca Rizor attrs[204] manager[204]
2026-06-04 10:51:20,915 INFO    hrsync   [WRITTEN] Deborah Owen attrs[204] manager[204]
2026-06-04 10:51:21,750 INFO    hrsync   [WRITTEN] Daria Payan attrs[204] manager[204]
2026-06-04 10:51:22,605 INFO    hrsync   [WRITTEN] Michael Stern attrs[204] manager[204]
2026-06-04 10:51:23,353 INFO    hrsync   [WRITTEN] Amna Mohammed attrs[204] manager[204]
2026-06-04 10:51:23,988 INFO    hrsync   [WRITTEN] Kevin Gastin Jr attrs[204] manager[unchanged]
2026-06-04 10:51:24,578 INFO    hrsync   [WRITTEN] Robin Talbot attrs[204] manager[unchanged]
2026-06-04 10:51:25,293 INFO    hrsync   [WRITTEN] Sarah Stupka attrs[204] manager[unchanged]
2026-06-04 10:51:26,218 INFO    hrsync   [WRITTEN] Tracy Hennessy attrs[204] manager[204]
2026-06-04 10:51:27,132 INFO    hrsync   [WRITTEN] Donald Shebestak attrs[204] manager[204]
2026-06-04 10:51:28,022 INFO    hrsync   [WRITTEN] Mason Slusarz attrs[204] manager[204]
2026-06-04 10:51:28,798 INFO    hrsync   [WRITTEN] Jacob Richards attrs[204] manager[204]
2026-06-04 10:51:29,596 INFO    hrsync   [WRITTEN] Tomasina Pitts attrs[204] manager[204]
2026-06-04 10:51:30,402 INFO    hrsync   [WRITTEN] Alice Koons attrs[204] manager[204]
2026-06-04 10:51:31,322 INFO    hrsync   [WRITTEN] Luke Schmidt attrs[204] manager[204]
2026-06-04 10:51:32,215 INFO    hrsync   [WRITTEN] Susan Pritchard attrs[204] manager[204]
2026-06-04 10:51:33,103 INFO    hrsync   [WRITTEN] Nancy Riffle attrs[204] manager[204]
2026-06-04 10:51:33,996 INFO    hrsync   [WRITTEN] Kathleen Schehl attrs[204] manager[204]
2026-06-04 10:51:34,873 INFO    hrsync   [WRITTEN] Michael DoBroka attrs[204] manager[204]
2026-06-04 10:51:35,654 INFO    hrsync   [WRITTEN] Adam Becerra attrs[204] manager[204]
2026-06-04 10:51:36,688 INFO    hrsync   [WRITTEN] Rosina Garland attrs[204] manager[204]
2026-06-04 10:51:37,594 INFO    hrsync   [WRITTEN] Bettina Garland attrs[204] manager[204]
2026-06-04 10:51:38,487 INFO    hrsync   [WRITTEN] Terry Jones attrs[204] manager[204]
2026-06-04 10:51:39,254 INFO    hrsync   [WRITTEN] Logan Linzer attrs[204] manager[204]
2026-06-04 10:51:40,071 INFO    hrsync   [WRITTEN] Jonathan Fatkins attrs[204] manager[204]
2026-06-04 10:51:41,061 INFO    hrsync   [WRITTEN] Mario Workman attrs[204] manager[204]
2026-06-04 10:51:41,885 INFO    hrsync   [WRITTEN] Diana Bellman attrs[204] manager[204]
2026-06-04 10:51:42,681 INFO    hrsync   [WRITTEN] Arianna Nguyen attrs[204] manager[204]
2026-06-04 10:51:43,532 INFO    hrsync   [WRITTEN] Krystal Klinect attrs[204] manager[204]
2026-06-04 10:51:44,302 INFO    hrsync   [WRITTEN] Stacey Dalziell attrs[204] manager[204]
2026-06-04 10:51:45,234 INFO    hrsync   [WRITTEN] Priscilla Mitchell attrs[204] manager[204]
2026-06-04 10:51:46,067 INFO    hrsync   [WRITTEN] Karen Stranan attrs[204] manager[204]
2026-06-04 10:51:46,959 INFO    hrsync   [WRITTEN] Cheyenne Quillin attrs[204] manager[204]
2026-06-04 10:51:47,746 INFO    hrsync   [WRITTEN] Nicholas Backer attrs[204] manager[204]
2026-06-04 10:51:48,453 INFO    hrsync   [WRITTEN] Gretchen Fragasse attrs[204] manager[unchanged]
2026-06-04 10:51:49,440 INFO    hrsync   [WRITTEN] Patricia Dalberto attrs[204] manager[204]
2026-06-04 10:51:50,289 INFO    hrsync   [WRITTEN] Lisa Adkins attrs[204] manager[204]
2026-06-04 10:51:51,066 INFO    hrsync   [WRITTEN] Samantha Peden attrs[204] manager[204]
2026-06-04 10:51:51,929 INFO    hrsync   [WRITTEN] Donovan Fish attrs[204] manager[204]
2026-06-04 10:51:52,787 INFO    hrsync   [WRITTEN] Reya Givens attrs[204] manager[204]
2026-06-04 10:51:53,592 INFO    hrsync   [WRITTEN] Autum Steinbach attrs[204] manager[204]
2026-06-04 10:51:54,364 INFO    hrsync   [WRITTEN] Molly Peden attrs[204] manager[204]
2026-06-04 10:51:55,248 INFO    hrsync   [WRITTEN] Kimberly Crowl attrs[204] manager[204]
2026-06-04 10:51:56,178 INFO    hrsync   [WRITTEN] Alanys Hernandez attrs[204] manager[204]
2026-06-04 10:51:56,919 INFO    hrsync   [WRITTEN] Ben Harris attrs[204] manager[204]
2026-06-04 10:51:57,900 INFO    hrsync   [WRITTEN] Haley Sampsel attrs[204] manager[204]
2026-06-04 10:51:58,493 INFO    hrsync   [WRITTEN] Douglas Tice attrs[204] manager[unchanged]
2026-06-04 10:51:59,573 INFO    hrsync   [WRITTEN] Kimberly Dotson attrs[204] manager[204]
2026-06-04 10:52:00,518 INFO    hrsync   [WRITTEN] Logan Monty attrs[204] manager[204]
2026-06-04 10:52:01,416 INFO    hrsync   [WRITTEN] Nichole Diehl attrs[204] manager[204]
2026-06-04 10:52:02,236 INFO    hrsync   [WRITTEN] Rachelle Kelly attrs[204] manager[204]
2026-06-04 10:52:03,050 INFO    hrsync   [WRITTEN] Chloe Suntheimer attrs[204] manager[204]
2026-06-04 10:52:03,960 INFO    hrsync   [WRITTEN] Jenna Tribuzzo attrs[204] manager[204]
2026-06-04 10:52:04,710 INFO    hrsync   [WRITTEN] Karah Perez attrs[204] manager[204]
2026-06-04 10:52:05,258 INFO    hrsync   [WRITTEN] Wanda Jones attrs[204] manager[unchanged]
2026-06-04 10:52:06,129 INFO    hrsync   [WRITTEN] Maryann Jones attrs[204] manager[204]
2026-06-04 10:52:07,046 INFO    hrsync   [WRITTEN] Holly Nichols attrs[204] manager[204]
2026-06-04 10:52:07,934 INFO    hrsync   [WRITTEN] Diane Leonardi attrs[204] manager[204]
2026-06-04 10:52:08,781 INFO    hrsync   [WRITTEN] Charles Brown attrs[204] manager[204]
2026-06-04 10:52:09,709 INFO    hrsync   [WRITTEN] Angela Harris attrs[204] manager[204]
2026-06-04 10:52:10,483 INFO    hrsync   [WRITTEN] Jessica Thornton attrs[204] manager[204]
2026-06-04 10:52:11,368 INFO    hrsync   [WRITTEN] Peter Tepsic attrs[204] manager[204]
2026-06-04 10:52:12,259 INFO    hrsync   [WRITTEN] Tesa Land attrs[204] manager[204]
2026-06-04 10:52:13,049 INFO    hrsync   [WRITTEN] Shannon Garrett attrs[204] manager[204]
2026-06-04 10:52:13,911 INFO    hrsync   [WRITTEN] Cherrie White attrs[204] manager[204]
2026-06-04 10:52:14,881 INFO    hrsync   [WRITTEN] Arlene Noviski attrs[204] manager[204]
2026-06-04 10:52:15,662 INFO    hrsync   [WRITTEN] Alyssa Hietanen attrs[204] manager[204]
2026-06-04 10:52:16,469 INFO    hrsync   [WRITTEN] Suzanne Burke attrs[204] manager[204]
2026-06-04 10:52:17,361 INFO    hrsync   [WRITTEN] David Everyday attrs[204] manager[204]
2026-06-04 10:52:18,237 INFO    hrsync   [WRITTEN] Anna Turner attrs[204] manager[204]
2026-06-04 10:52:19,022 INFO    hrsync   [WRITTEN] Teresa Barger attrs[204] manager[204]
2026-06-04 10:52:19,872 INFO    hrsync   [WRITTEN] Cody Lynch attrs[204] manager[204]
2026-06-04 10:52:20,780 INFO    hrsync   [WRITTEN] Rachel Gunnoe attrs[204] manager[204]
2026-06-04 10:52:21,639 INFO    hrsync   [WRITTEN] Terrance Behnke attrs[204] manager[204]
2026-06-04 10:52:22,203 INFO    hrsync   [WRITTEN] David Haupt attrs[204] manager[unchanged]
2026-06-04 10:52:23,203 INFO    hrsync   [WRITTEN] Madison McCurdy attrs[204] manager[204]
2026-06-04 10:52:23,958 INFO    hrsync   [WRITTEN] Kelly Miller attrs[204] manager[204]
2026-06-04 10:52:24,900 INFO    hrsync   [WRITTEN] Paul Raymond attrs[204] manager[204]
2026-06-04 10:52:25,653 INFO    hrsync   [WRITTEN] Diane Coughlin attrs[204] manager[204]
2026-06-04 10:52:26,600 INFO    hrsync   [WRITTEN] Adam Hershberger attrs[204] manager[204]
2026-06-04 10:52:27,486 INFO    hrsync   [WRITTEN] Justin Fincannon attrs[204] manager[204]
2026-06-04 10:52:28,453 INFO    hrsync   [WRITTEN] Lindsey Barrett attrs[204] manager[204]
2026-06-04 10:52:29,236 INFO    hrsync   [WRITTEN] Alek Fithen attrs[204] manager[204]
2026-06-04 10:52:30,010 INFO    hrsync   [WRITTEN] Tosha Thomas attrs[204] manager[204]
2026-06-04 10:52:30,660 INFO    hrsync   [WRITTEN] Eric Calfee attrs[204] manager[unchanged]
2026-06-04 10:52:31,271 INFO    hrsync   [WRITTEN] Jeffrey Brooks attrs[204] manager[unchanged]
2026-06-04 10:52:31,940 INFO    hrsync   [WRITTEN] Susan Merritt attrs[204] manager[unchanged]
2026-06-04 10:52:32,937 INFO    hrsync   [WRITTEN] Mary Magallanez attrs[204] manager[204]
2026-06-04 10:52:33,724 INFO    hrsync   [WRITTEN] David Kiser attrs[204] manager[204]
2026-06-04 10:52:34,497 INFO    hrsync   [WRITTEN] Jermaine Jeffery attrs[204] manager[204]
2026-06-04 10:52:35,394 INFO    hrsync   [WRITTEN] Margaret Waganek attrs[204] manager[204]
2026-06-04 10:52:36,215 INFO    hrsync   [WRITTEN] Michael Jarret attrs[204] manager[204]
2026-06-04 10:52:37,151 INFO    hrsync   [WRITTEN] Tyler Hudson attrs[204] manager[204]
2026-06-04 10:52:37,919 INFO    hrsync   [WRITTEN] Jeremy Moss attrs[204] manager[204]
2026-06-04 10:52:38,974 INFO    hrsync   [WRITTEN] Isabella Johnson attrs[204] manager[204]
2026-06-04 10:52:39,929 INFO    hrsync   [WRITTEN] Karla Reese attrs[204] manager[204]
2026-06-04 10:52:40,714 INFO    hrsync   [WRITTEN] Johnny Frazier attrs[204] manager[204]
2026-06-04 10:52:41,481 INFO    hrsync   [WRITTEN] Emily Bailey attrs[204] manager[204]
2026-06-04 10:52:42,416 INFO    hrsync   [WRITTEN] Carol Lucas attrs[204] manager[204]
2026-06-04 10:52:43,169 INFO    hrsync   [WRITTEN] Jamie Young attrs[204] manager[204]
2026-06-04 10:52:43,987 INFO    hrsync   [WRITTEN] Janet McMahon attrs[204] manager[204]
2026-06-04 10:52:44,616 INFO    hrsync   [WRITTEN] Sara Beshires attrs[204] manager[unchanged]
2026-06-04 10:52:45,610 INFO    hrsync   [WRITTEN] Ann Skerkavich attrs[204] manager[204]
2026-06-04 10:52:46,437 INFO    hrsync   [WRITTEN] Nathan Sebastian attrs[204] manager[204]
2026-06-04 10:52:47,263 INFO    hrsync   [WRITTEN] Logan Bishop attrs[204] manager[204]
2026-06-04 10:52:48,054 INFO    hrsync   [WRITTEN] Jacob Woods attrs[204] manager[204]
2026-06-04 10:52:48,938 INFO    hrsync   [WRITTEN] Veronika Willis attrs[204] manager[204]
2026-06-04 10:52:49,857 INFO    hrsync   [WRITTEN] Terri Hull attrs[204] manager[204]
2026-06-04 10:52:50,750 INFO    hrsync   [WRITTEN] Terrence Owens attrs[204] manager[204]
2026-06-04 10:52:51,493 INFO    hrsync   [WRITTEN] Pamela Rennicker attrs[204] manager[204]
2026-06-04 10:52:52,298 INFO    hrsync   [WRITTEN] Dusty Palmer attrs[204] manager[204]
2026-06-04 10:52:53,316 INFO    hrsync   [WRITTEN] Katlynn White attrs[204] manager[204]
2026-06-04 10:52:54,233 INFO    hrsync   [WRITTEN] Jasmine Walker attrs[204] manager[204]
2026-06-04 10:52:55,040 INFO    hrsync   [WRITTEN] Wanda Thornhill attrs[204] manager[204]
2026-06-04 10:52:55,996 INFO    hrsync   [WRITTEN] Teresa Dingus attrs[204] manager[204]
2026-06-04 10:52:56,881 INFO    hrsync   [WRITTEN] Donna Koster attrs[204] manager[204]
2026-06-04 10:52:57,651 INFO    hrsync   [WRITTEN] Lamar Martin attrs[204] manager[204]
2026-06-04 10:52:58,582 INFO    hrsync   [WRITTEN] Dawn Minisall attrs[204] manager[204]
2026-06-04 10:52:59,434 INFO    hrsync   [WRITTEN] Renee Brown attrs[204] manager[204]
2026-06-04 10:53:00,204 INFO    hrsync   [WRITTEN] Bryan Peck attrs[204] manager[204]
2026-06-04 10:53:00,985 INFO    hrsync   [WRITTEN] James Summers attrs[204] manager[204]
2026-06-04 10:53:02,014 INFO    hrsync   [WRITTEN] Megan Schilling attrs[204] manager[204]
2026-06-04 10:53:02,799 INFO    hrsync   [WRITTEN] Renee Hooper attrs[204] manager[204]
2026-06-04 10:53:03,692 INFO    hrsync   [WRITTEN] Tabatha King attrs[204] manager[204]
2026-06-04 10:53:04,478 INFO    hrsync   [WRITTEN] Brandon Nicholson attrs[204] manager[204]
2026-06-04 10:53:05,336 INFO    hrsync   [WRITTEN] Jacqueline Hamlin attrs[204] manager[204]
2026-06-04 10:53:06,108 INFO    hrsync   [WRITTEN] Charles Altizer attrs[204] manager[204]
2026-06-04 10:53:07,162 INFO    hrsync   [WRITTEN] Trenton Crook attrs[204] manager[204]
2026-06-04 10:53:07,995 INFO    hrsync   [WRITTEN] Gloria Busson attrs[204] manager[204]
2026-06-04 10:53:08,905 INFO    hrsync   [WRITTEN] Darlene Chuich attrs[204] manager[204]
2026-06-04 10:53:09,756 INFO    hrsync   [WRITTEN] Rita Karakoulakian attrs[204] manager[204]
2026-06-04 10:53:10,715 INFO    hrsync   [WRITTEN] Kathleen McAllister attrs[204] manager[204]
2026-06-04 10:53:11,473 INFO    hrsync   [WRITTEN] Stephanie Deperte attrs[204] manager[204]
2026-06-04 10:53:12,021 INFO    hrsync   [WRITTEN] Mia Snyder attrs[204] manager[unchanged]
2026-06-04 10:53:12,957 INFO    hrsync   [WRITTEN] Renee Alvado attrs[204] manager[204]
2026-06-04 10:53:13,917 INFO    hrsync   [WRITTEN] Frosty Saunier attrs[204] manager[204]
2026-06-04 10:53:14,793 INFO    hrsync   [WRITTEN] Mark Patrick attrs[204] manager[204]
2026-06-04 10:53:15,532 INFO    hrsync   [WRITTEN] Selena Durr attrs[204] manager[204]
2026-06-04 10:53:16,432 INFO    hrsync   [WRITTEN] Terrance Savage attrs[204] manager[204]
2026-06-04 10:53:17,333 INFO    hrsync   [WRITTEN] Bailey Slate attrs[204] manager[204]
2026-06-04 10:53:18,177 INFO    hrsync   [WRITTEN] Alice Hawkins attrs[204] manager[204]
2026-06-04 10:53:18,982 INFO    hrsync   [WRITTEN] Kurdtis Lilley attrs[204] manager[204]
2026-06-04 10:53:19,830 INFO    hrsync   [WRITTEN] Tabatha Anderson attrs[204] manager[204]
2026-06-04 10:53:20,625 INFO    hrsync   [WRITTEN] Owen Neidert attrs[204] manager[204]
2026-06-04 10:53:21,416 INFO    hrsync   [WRITTEN] Betty Percy attrs[204] manager[204]
2026-06-04 10:53:22,449 INFO    hrsync   [WRITTEN] Stephanie Klinect attrs[204] manager[204]
2026-06-04 10:53:23,230 INFO    hrsync   [WRITTEN] Aidan Hillman attrs[204] manager[204]
2026-06-04 10:53:24,030 INFO    hrsync   [WRITTEN] Madison Greenleaf attrs[204] manager[204]
2026-06-04 10:53:24,868 INFO    hrsync   [WRITTEN] Kirstie Kovach attrs[204] manager[204]
2026-06-04 10:53:25,758 INFO    hrsync   [WRITTEN] Tamara Meeker attrs[204] manager[204]
2026-06-04 10:53:26,532 INFO    hrsync   [WRITTEN] Matthew Soley attrs[204] manager[204]
2026-06-04 10:53:27,466 INFO    hrsync   [WRITTEN] Hillary Joseph attrs[204] manager[204]
2026-06-04 10:53:28,348 INFO    hrsync   [WRITTEN] Kerry Hill attrs[204] manager[204]
2026-06-04 10:53:29,430 INFO    hrsync   [WRITTEN] Noah Lee attrs[204] manager[204]
2026-06-04 10:53:30,196 INFO    hrsync   [WRITTEN] Annastasia Clemson attrs[204] manager[204]
2026-06-04 10:53:31,029 INFO    hrsync   [WRITTEN] Brittney Mikut attrs[204] manager[204]
2026-06-04 10:53:31,865 INFO    hrsync   [WRITTEN] Jenna Swank attrs[204] manager[204]
2026-06-04 10:53:32,790 INFO    hrsync   [WRITTEN] Briana Vaughn attrs[204] manager[204]
2026-06-04 10:53:33,605 INFO    hrsync   [WRITTEN] Alina Plavny attrs[204] manager[204]
2026-06-04 10:53:34,431 INFO    hrsync   [WRITTEN] Misty Lawler attrs[204] manager[204]
2026-06-04 10:53:35,278 INFO    hrsync   [WRITTEN] Jabril Salaam attrs[204] manager[204]
2026-06-04 10:53:36,076 INFO    hrsync   [WRITTEN] Trinnity Ennis attrs[204] manager[204]
2026-06-04 10:53:37,375 INFO    hrsync   [WRITTEN] Cameron Rahman attrs[204] manager[204]
2026-06-04 10:53:38,324 INFO    hrsync   [WRITTEN] Mary Sierra attrs[204] manager[204]
2026-06-04 10:53:39,105 INFO    hrsync   [WRITTEN] Samantha Kaine attrs[204] manager[204]
2026-06-04 10:53:39,941 INFO    hrsync   [WRITTEN] Phillip Bach attrs[204] manager[204]
2026-06-04 10:53:40,789 INFO    hrsync   [WRITTEN] Marvin Pierce attrs[204] manager[204]
2026-06-04 10:53:41,663 INFO    hrsync   [WRITTEN] Crystal Humphrey attrs[204] manager[204]
2026-06-04 10:53:42,255 INFO    hrsync   [WRITTEN] Marcie Finney attrs[204] manager[unchanged]
2026-06-04 10:53:43,259 INFO    hrsync   [WRITTEN] Hollie Day attrs[204] manager[204]
2026-06-04 10:53:44,039 INFO    hrsync   [WRITTEN] Kelly Godwin attrs[204] manager[204]
2026-06-04 10:53:44,933 INFO    hrsync   [WRITTEN] Micah Motz attrs[204] manager[204]
2026-06-04 10:53:45,678 INFO    hrsync   [WRITTEN] LaMar Stewart attrs[204] manager[204]
2026-06-04 10:53:46,623 INFO    hrsync   [WRITTEN] Denise Morris attrs[204] manager[204]
2026-06-04 10:53:47,377 INFO    hrsync   [WRITTEN] Kayla Peoples attrs[204] manager[204]
2026-06-04 10:53:48,194 INFO    hrsync   [WRITTEN] Anna Johnson attrs[204] manager[204]
2026-06-04 10:53:49,007 INFO    hrsync   [WRITTEN] Dawn Hutchison attrs[204] manager[204]
2026-06-04 10:53:49,831 INFO    hrsync   [WRITTEN] Tyler Trammell attrs[204] manager[204]
2026-06-04 10:53:50,896 INFO    hrsync   [WRITTEN] Barbara Hritz attrs[204] manager[204]
2026-06-04 10:53:51,834 INFO    hrsync   [WRITTEN] Michael Barr attrs[204] manager[204]
2026-06-04 10:53:52,664 INFO    hrsync   [WRITTEN] Kathleen Maurer attrs[204] manager[204]
2026-06-04 10:53:53,515 INFO    hrsync   [WRITTEN] Tiffany Roberts attrs[204] manager[204]
2026-06-04 10:53:54,258 INFO    hrsync   [WRITTEN] Jeannine Stansell attrs[204] manager[204]
2026-06-04 10:53:55,135 INFO    hrsync   [WRITTEN] Nicole Ashmore attrs[204] manager[204]
2026-06-04 10:53:56,026 INFO    hrsync   [WRITTEN] Laura Klendworth attrs[204] manager[204]
2026-06-04 10:53:56,875 INFO    hrsync   [WRITTEN] Elias Raymundo-Donahoe attrs[204] manager[204]
2026-06-04 10:53:57,695 INFO    hrsync   [WRITTEN] Kathryn Sardina attrs[204] manager[204]
2026-06-04 10:53:58,514 INFO    hrsync   [WRITTEN] Tyson Voss attrs[204] manager[204]
2026-06-04 10:53:59,297 INFO    hrsync   [WRITTEN] Bailey Piatt attrs[204] manager[204]
2026-06-04 10:54:00,155 INFO    hrsync   [WRITTEN] Todd Lindsay attrs[204] manager[204]
2026-06-04 10:54:00,927 INFO    hrsync   [WRITTEN] Aime Stokowski attrs[204] manager[204]
2026-06-04 10:54:01,744 INFO    hrsync   [WRITTEN] Miguel Catalan attrs[204] manager[204]
2026-06-04 10:54:02,578 INFO    hrsync   [WRITTEN] Annette White attrs[204] manager[204]
2026-06-04 10:54:03,615 INFO    hrsync   [WRITTEN] Charisse Klink attrs[204] manager[204]
2026-06-04 10:54:04,402 INFO    hrsync   [WRITTEN] Paul Brest attrs[204] manager[204]
2026-06-04 10:54:05,151 INFO    hrsync   [WRITTEN] Kathleen Brown attrs[204] manager[204]
2026-06-04 10:54:05,948 INFO    hrsync   [WRITTEN] Elijah Laboy attrs[204] manager[204]
2026-06-04 10:54:06,959 INFO    hrsync   [WRITTEN] Kathleen Kidgell attrs[204] manager[204]
2026-06-04 10:54:07,762 INFO    hrsync   [WRITTEN] Emily Thompson attrs[204] manager[204]
2026-06-04 10:54:08,563 INFO    hrsync   [WRITTEN] Kelly Bielanski attrs[204] manager[204]
2026-06-04 10:54:09,361 INFO    hrsync   [WRITTEN] Sara Weber attrs[204] manager[204]
2026-06-04 10:54:10,151 INFO    hrsync   [WRITTEN] Natalie Spang attrs[204] manager[204]
2026-06-04 10:54:10,980 INFO    hrsync   [WRITTEN] William Hoskins attrs[204] manager[204]
2026-06-04 10:54:11,724 INFO    hrsync   [WRITTEN] Brian Ferguson attrs[204] manager[204]
2026-06-04 10:54:12,716 INFO    hrsync   [WRITTEN] Lisa Peters attrs[204] manager[204]
2026-06-04 10:54:13,716 INFO    hrsync   [WRITTEN] Michael Hall attrs[204] manager[204]
2026-06-04 10:54:14,499 INFO    hrsync   [WRITTEN] Ronald Steeg Jr attrs[204] manager[204]
2026-06-04 10:54:15,298 INFO    hrsync   [WRITTEN] Ridial Ndiaye attrs[204] manager[204]
2026-06-04 10:54:16,116 INFO    hrsync   [WRITTEN] Luci Kurka attrs[204] manager[204]
2026-06-04 10:54:16,993 INFO    hrsync   [WRITTEN] Asireanna Reynolds attrs[204] manager[204]
2026-06-04 10:54:18,034 INFO    hrsync   [WRITTEN] Kasumi Fujimoto attrs[204] manager[204]
2026-06-04 10:54:18,897 INFO    hrsync   [WRITTEN] Elaine Horne attrs[204] manager[204]
2026-06-04 10:54:19,640 INFO    hrsync   [WRITTEN] Charlene Kennedy attrs[204] manager[204]
2026-06-04 10:54:20,580 INFO    hrsync   [WRITTEN] Michael Ferguson attrs[204] manager[204]
2026-06-04 10:54:21,642 INFO    hrsync   [WRITTEN] Paige Link attrs[204] manager[204]
2026-06-04 10:54:22,424 INFO    hrsync   [WRITTEN] Steven Morgan attrs[204] manager[204]
2026-06-04 10:54:23,271 INFO    hrsync   [WRITTEN] Tallulah Kennedy attrs[204] manager[204]
2026-06-04 10:54:24,101 INFO    hrsync   [WRITTEN] David Yuhanick attrs[204] manager[204]
2026-06-04 10:54:25,047 INFO    hrsync   [WRITTEN] Heather Sanders attrs[204] manager[204]
2026-06-04 10:54:25,789 INFO    hrsync   [WRITTEN] James Sayre attrs[204] manager[204]
2026-06-04 10:54:26,623 INFO    hrsync   [WRITTEN] Shirley Lawrence attrs[204] manager[204]
2026-06-04 10:54:27,394 INFO    hrsync   [WRITTEN] Carolyn Kilpatrick attrs[204] manager[204]
2026-06-04 10:54:28,265 INFO    hrsync   [WRITTEN] Dillon Springer attrs[204] manager[204]
2026-06-04 10:54:29,066 INFO    hrsync   [WRITTEN] Aleigha Angus attrs[204] manager[204]
2026-06-04 10:54:29,934 INFO    hrsync   [WRITTEN] Joelle Berresford attrs[204] manager[204]
2026-06-04 10:54:30,736 INFO    hrsync   [WRITTEN] Victoria Pope attrs[204] manager[204]
2026-06-04 10:54:31,782 INFO    hrsync   [WRITTEN] Clishina Tyner attrs[204] manager[204]
2026-06-04 10:54:32,806 INFO    hrsync   [WRITTEN] Connor McCurdy attrs[204] manager[204]
2026-06-04 10:54:33,543 INFO    hrsync   [WRITTEN] Nancy Bauer attrs[204] manager[204]
2026-06-04 10:54:34,352 INFO    hrsync   [WRITTEN] Scott Covell attrs[204] manager[204]
2026-06-04 10:54:35,283 INFO    hrsync   [WRITTEN] Ahmad Diggins attrs[204] manager[204]
2026-06-04 10:54:36,060 INFO    hrsync   [WRITTEN] Christine Gore attrs[204] manager[204]
2026-06-04 10:54:36,914 INFO    hrsync   [WRITTEN] Malik Jones attrs[204] manager[204]
2026-06-04 10:54:37,696 INFO    hrsync   [WRITTEN] Margaret Kobus attrs[204] manager[204]
2026-06-04 10:54:38,639 INFO    hrsync   [WRITTEN] Anthony Yuko attrs[204] manager[204]
2026-06-04 10:54:39,519 INFO    hrsync   [WRITTEN] Breanna Cremeans attrs[204] manager[204]
2026-06-04 10:54:40,358 INFO    hrsync   [WRITTEN] Curran Browne attrs[204] manager[204]
2026-06-04 10:54:41,341 INFO    hrsync   [WRITTEN] Kenneth Dillard attrs[204] manager[204]
2026-06-04 10:54:42,489 INFO    hrsync   [WRITTEN] Madonna Gonzalez attrs[204] manager[204]
2026-06-04 10:54:43,287 INFO    hrsync   [WRITTEN] Ranyah Lescano attrs[204] manager[204]
2026-06-04 10:54:44,236 INFO    hrsync   [WRITTEN] Vincent Catalano attrs[204] manager[204]
2026-06-04 10:54:45,198 INFO    hrsync   [WRITTEN] Dustin Boleware attrs[204] manager[204]
2026-06-04 10:54:46,044 INFO    hrsync   [WRITTEN] Jennifer Banas attrs[204] manager[204]
2026-06-04 10:54:46,835 INFO    hrsync   [WRITTEN] Brandy Czup attrs[204] manager[204]
2026-06-04 10:54:47,682 INFO    hrsync   [WRITTEN] Allison Swogger attrs[204] manager[204]
2026-06-04 10:54:48,630 INFO    hrsync   [WRITTEN] Barbara Polen attrs[204] manager[204]
2026-06-04 10:54:49,632 INFO    hrsync   [WRITTEN] Joey Barbera attrs[204] manager[204]
2026-06-04 10:54:50,490 INFO    hrsync   [WRITTEN] Abigail Malarney attrs[204] manager[204]
2026-06-04 10:54:51,365 INFO    hrsync   [WRITTEN] Delores Martell attrs[204] manager[204]
2026-06-04 10:54:52,118 INFO    hrsync   [WRITTEN] Seven Olds attrs[204] manager[204]
2026-06-04 10:54:52,910 INFO    hrsync   [WRITTEN] Sarah Legan attrs[204] manager[204]
2026-06-04 10:54:53,740 INFO    hrsync   [WRITTEN] Stephanie Stewart attrs[204] manager[204]
2026-06-04 10:54:54,592 INFO    hrsync   [WRITTEN] Patricia Knittle attrs[204] manager[204]
2026-06-04 10:54:55,349 INFO    hrsync   [WRITTEN] Dominick Moree attrs[204] manager[204]
2026-06-04 10:54:56,261 INFO    hrsync   [WRITTEN] James Kinder attrs[204] manager[204]
2026-06-04 10:54:57,086 INFO    hrsync   [WRITTEN] Michael Mierzejewski attrs[204] manager[204]
2026-06-04 10:54:58,090 INFO    hrsync   [WRITTEN] Melissa Booth attrs[204] manager[204]
2026-06-04 10:54:58,829 INFO    hrsync   [WRITTEN] Stacy Stack attrs[204] manager[204]
2026-06-04 10:54:59,633 INFO    hrsync   [WRITTEN] Angel Cruz attrs[204] manager[204]
2026-06-04 10:55:00,578 INFO    hrsync   [WRITTEN] Andrew Fowler attrs[204] manager[204]
2026-06-04 10:55:01,372 INFO    hrsync   [WRITTEN] Savanna Swank attrs[204] manager[204]
2026-06-04 10:55:02,213 INFO    hrsync   [WRITTEN] Dominic Piccari attrs[204] manager[204]
2026-06-04 10:55:03,174 INFO    hrsync   [WRITTEN] Candice Rice attrs[204] manager[204]
2026-06-04 10:55:03,947 INFO    hrsync   [WRITTEN] Alleyie Rose attrs[204] manager[204]
2026-06-04 10:55:04,718 INFO    hrsync   [WRITTEN] Linda Mims attrs[204] manager[204]
2026-06-04 10:55:05,538 INFO    hrsync   [WRITTEN] John Farnsworth attrs[204] manager[204]
2026-06-04 10:55:06,384 INFO    hrsync   [WRITTEN] Nikolas Clark attrs[204] manager[204]
2026-06-04 10:55:07,023 INFO    hrsync   [WRITTEN] Janesa Furbee attrs[204] manager[unchanged]
2026-06-04 10:55:07,880 INFO    hrsync   [WRITTEN] Amy Poole attrs[204] manager[204]
2026-06-04 10:55:08,812 INFO    hrsync   [WRITTEN] Angel Rodriguez attrs[204] manager[204]
2026-06-04 10:55:09,779 INFO    hrsync   [WRITTEN] Todd Stout attrs[204] manager[204]
2026-06-04 10:55:10,633 INFO    hrsync   [WRITTEN] Jacob Sanders attrs[204] manager[204]
2026-06-04 10:55:11,632 INFO    hrsync   [WRITTEN] Rebecca Bores attrs[204] manager[204]
2026-06-04 10:55:12,374 INFO    hrsync   [WRITTEN] Jaylee Jefferson attrs[204] manager[204]
2026-06-04 10:55:13,219 INFO    hrsync   [WRITTEN] Donald Jones attrs[204] manager[204]
2026-06-04 10:55:13,982 INFO    hrsync   [WRITTEN] Robin Fisher attrs[204] manager[204]
2026-06-04 10:55:14,805 INFO    hrsync   [WRITTEN] Kylen Moore attrs[204] manager[204]
2026-06-04 10:55:15,612 INFO    hrsync   [WRITTEN] Sandra Marek attrs[204] manager[204]
2026-06-04 10:55:16,537 INFO    hrsync   [WRITTEN] Gregory Edelman attrs[204] manager[204]
2026-06-04 10:55:17,276 INFO    hrsync   [WRITTEN] David Clark attrs[204] manager[204]
2026-06-04 10:55:18,219 INFO    hrsync   [WRITTEN] Rebecca Perez attrs[204] manager[204]
2026-06-04 10:55:19,043 INFO    hrsync   [WRITTEN] Tai-Sheana Crockett attrs[204] manager[204]
2026-06-04 10:55:19,953 INFO    hrsync   [WRITTEN] Joseph Green attrs[204] manager[204]
2026-06-04 10:55:20,790 INFO    hrsync   [WRITTEN] Bruce Holmes attrs[204] manager[204]
2026-06-04 10:55:21,537 INFO    hrsync   [WRITTEN] Amanda Mason attrs[204] manager[204]
2026-06-04 10:55:22,334 INFO    hrsync   [WRITTEN] Hailee Horner attrs[204] manager[204]
2026-06-04 10:55:23,137 INFO    hrsync   [WRITTEN] Jaylan Johnson attrs[204] manager[204]
2026-06-04 10:55:24,117 INFO    hrsync   [WRITTEN] Renna Ng attrs[204] manager[204]
2026-06-04 10:55:24,919 INFO    hrsync   [WRITTEN] Benjamin Haring attrs[204] manager[204]
2026-06-04 10:55:26,001 INFO    hrsync   [WRITTEN] Jennifer Little attrs[204] manager[204]
2026-06-04 10:55:27,025 INFO    hrsync   [WRITTEN] Kimberly Robinson attrs[204] manager[204]
2026-06-04 10:55:27,856 INFO    hrsync   [WRITTEN] Danijela Mosley attrs[204] manager[204]
2026-06-04 10:55:28,644 INFO    hrsync   [WRITTEN] Juana Reyes attrs[204] manager[204]
2026-06-04 10:55:29,565 INFO    hrsync   [WRITTEN] Kylie Kemp attrs[204] manager[204]
2026-06-04 10:55:30,392 INFO    hrsync   [WRITTEN] Eavery-Everette Leach attrs[204] manager[204]
2026-06-04 10:55:31,274 INFO    hrsync   [WRITTEN] Reba Voudrie attrs[204] manager[204]
2026-06-04 10:55:32,298 INFO    hrsync   [WRITTEN] Cathleen Campbell attrs[204] manager[204]
2026-06-04 10:55:33,044 INFO    hrsync   [WRITTEN] Leanna Thompson attrs[204] manager[204]
2026-06-04 10:55:33,990 INFO    hrsync   [WRITTEN] Jeremy Greenfield attrs[204] manager[204]
2026-06-04 10:55:35,009 INFO    hrsync   [WRITTEN] Kaitlyn Moody attrs[204] manager[204]
2026-06-04 10:55:35,800 INFO    hrsync   [WRITTEN] Jose Sanchez attrs[204] manager[204]
2026-06-04 10:55:36,704 INFO    hrsync   [WRITTEN] Kayla Morgan attrs[204] manager[204]
2026-06-04 10:55:37,713 INFO    hrsync   [WRITTEN] Riley Tice attrs[204] manager[204]
2026-06-04 10:55:38,567 INFO    hrsync   [WRITTEN] Hannah Benesh attrs[204] manager[204]
2026-06-04 10:55:39,664 INFO    hrsync   [WRITTEN] Grayson Boyles attrs[204] manager[204]
2026-06-04 10:55:40,470 INFO    hrsync   [WRITTEN] Douglas Ramsey attrs[204] manager[204]
2026-06-04 10:55:41,349 INFO    hrsync   [WRITTEN] Nicole Koshel attrs[204] manager[204]
2026-06-04 10:55:42,090 INFO    hrsync   [WRITTEN] Michelle Randolph attrs[204] manager[204]
2026-06-04 10:55:42,998 INFO    hrsync   [WRITTEN] Monte Poston attrs[204] manager[204]
2026-06-04 10:55:43,809 INFO    hrsync   [WRITTEN] Lakiyah Benifield attrs[204] manager[204]
2026-06-04 10:55:44,618 INFO    hrsync   [WRITTEN] Rafferty Richards attrs[204] manager[204]
2026-06-04 10:55:45,461 INFO    hrsync   [WRITTEN] Charles Dietz attrs[204] manager[204]
2026-06-04 10:55:46,422 INFO    hrsync   [WRITTEN] Alex Mangels attrs[204] manager[204]
2026-06-04 10:55:47,302 INFO    hrsync   [WRITTEN] Lolita Thomas attrs[204] manager[204]
2026-06-04 10:55:48,076 INFO    hrsync   [WRITTEN] Brandi Shaw attrs[204] manager[204]
2026-06-04 10:55:48,977 INFO    hrsync   [WRITTEN] Joshua Frazier attrs[204] manager[204]
2026-06-04 10:55:49,720 INFO    hrsync   [WRITTEN] Derek Kelly attrs[204] manager[204]
2026-06-04 10:55:50,578 INFO    hrsync   [WRITTEN] Destanee Boles attrs[204] manager[204]
2026-06-04 10:55:51,500 INFO    hrsync   [WRITTEN] Staci Hahlen attrs[204] manager[204]
2026-06-04 10:55:52,269 INFO    hrsync   [WRITTEN] Mary Barth attrs[204] manager[204]
2026-06-04 10:55:53,053 INFO    hrsync   [WRITTEN] Bryce Brewster attrs[204] manager[204]
2026-06-04 10:55:53,992 INFO    hrsync   [WRITTEN] Matthew Dejean attrs[204] manager[204]
2026-06-04 10:55:54,765 INFO    hrsync   [WRITTEN] Nicholas Kostura attrs[204] manager[204]
2026-06-04 10:55:55,531 INFO    hrsync   [WRITTEN] Eric Baird attrs[204] manager[204]
2026-06-04 10:55:56,374 INFO    hrsync   [WRITTEN] Devon Watson attrs[204] manager[204]
2026-06-04 10:55:57,131 INFO    hrsync   [WRITTEN] James Thain attrs[204] manager[204]
2026-06-04 10:55:58,218 INFO    hrsync   [WRITTEN] Sameerah Sharrieff attrs[204] manager[204]
2026-06-04 10:55:58,964 INFO    hrsync   [WRITTEN] Luke Hudgins attrs[204] manager[204]
2026-06-04 10:55:59,795 INFO    hrsync   [WRITTEN] Gretalyn Beck attrs[204] manager[204]
2026-06-04 10:56:00,720 INFO    hrsync   [WRITTEN] Denise Lester attrs[204] manager[204]
2026-06-04 10:56:01,492 INFO    hrsync   [WRITTEN] Johnathan Johnson attrs[204] manager[204]
2026-06-04 10:56:02,272 INFO    hrsync   [WRITTEN] Lourdes Ortiz attrs[204] manager[204]
2026-06-04 10:56:03,158 INFO    hrsync   [WRITTEN] Tracey Mullin attrs[204] manager[204]
2026-06-04 10:56:04,000 INFO    hrsync   [WRITTEN] Rodney Chandler attrs[204] manager[204]
2026-06-04 10:56:04,798 INFO    hrsync   [WRITTEN] Riley Murawski attrs[204] manager[204]
2026-06-04 10:56:05,765 INFO    hrsync   [WRITTEN] China Harris attrs[204] manager[204]
2026-06-04 10:56:06,545 INFO    hrsync   [WRITTEN] Hayden Brenner attrs[204] manager[204]
2026-06-04 10:56:07,593 INFO    hrsync   [WRITTEN] Shawna Busta attrs[204] manager[204]
2026-06-04 10:56:08,513 INFO    hrsync   [WRITTEN] Tana Coleman attrs[204] manager[204]
2026-06-04 10:56:09,496 INFO    hrsync   [WRITTEN] Sidney Roper attrs[204] manager[204]
2026-06-04 10:56:10,374 INFO    hrsync   [WRITTEN] Cinthya Mares attrs[204] manager[204]
2026-06-04 10:56:11,340 INFO    hrsync   [WRITTEN] Abigail Grady attrs[204] manager[204]
2026-06-04 10:56:12,283 INFO    hrsync   [WRITTEN] Olivia Cardinale attrs[204] manager[204]
2026-06-04 10:56:13,112 INFO    hrsync   [WRITTEN] David Triplett attrs[204] manager[204]
2026-06-04 10:56:13,976 INFO    hrsync   [WRITTEN] Theresa Dedrick attrs[204] manager[204]
2026-06-04 10:56:14,844 INFO    hrsync   [WRITTEN] Mark Clemson attrs[204] manager[204]
2026-06-04 10:56:15,825 INFO    hrsync   [WRITTEN] Angela Simmons attrs[204] manager[204]
2026-06-04 10:56:16,587 INFO    hrsync   [WRITTEN] Jodi Boron attrs[204] manager[204]
2026-06-04 10:56:17,429 INFO    hrsync   [WRITTEN] Anthony Mears attrs[204] manager[204]
2026-06-04 10:56:18,236 INFO    hrsync   [WRITTEN] Madelyn Phillips attrs[204] manager[204]
2026-06-04 10:56:19,173 INFO    hrsync   [WRITTEN] Aiden Green attrs[204] manager[204]
2026-06-04 10:56:20,159 INFO    hrsync   [WRITTEN] Ruth Weil attrs[204] manager[204]
2026-06-04 10:56:21,084 INFO    hrsync   [WRITTEN] Vanessa Smith attrs[204] manager[204]
2026-06-04 10:56:21,864 INFO    hrsync   [WRITTEN] Caleb Glenn attrs[204] manager[204]
2026-06-04 10:56:22,881 INFO    hrsync   [WRITTEN] Courtney Shahan attrs[204] manager[204]
2026-06-04 10:56:23,815 INFO    hrsync   [WRITTEN] Charles Alford Jr attrs[204] manager[204]
2026-06-04 10:56:24,900 INFO    hrsync   [WRITTEN] Serenity Edwards attrs[204] manager[204]
2026-06-04 10:56:25,699 INFO    hrsync   [WRITTEN] Melissa Coultas attrs[204] manager[204]
2026-06-04 10:56:26,471 INFO    hrsync   [WRITTEN] Annette Holder attrs[204] manager[204]
2026-06-04 10:56:27,361 INFO    hrsync   [WRITTEN] Audrey Noll attrs[204] manager[204]
2026-06-04 10:56:28,163 INFO    hrsync   [WRITTEN] Kimberly Cernansky attrs[204] manager[204]
2026-06-04 10:56:28,982 INFO    hrsync   [WRITTEN] Susan Brown attrs[204] manager[204]
2026-06-04 10:56:29,758 INFO    hrsync   [WRITTEN] Andrew Burwell attrs[204] manager[204]
2026-06-04 10:56:30,599 INFO    hrsync   [WRITTEN] Colin Christensen attrs[204] manager[204]
2026-06-04 10:56:31,491 INFO    hrsync   [WRITTEN] Elizabeth Hayford attrs[204] manager[204]
2026-06-04 10:56:32,258 INFO    hrsync   [WRITTEN] Ashlie Lamp attrs[204] manager[204]
2026-06-04 10:56:33,189 INFO    hrsync   [WRITTEN] Jessica Lance attrs[204] manager[204]
2026-06-04 10:56:34,130 INFO    hrsync   [WRITTEN] Shelley Nutter attrs[204] manager[204]
2026-06-04 10:56:34,955 INFO    hrsync   [WRITTEN] Marissa Cooney attrs[204] manager[204]
2026-06-04 10:56:35,957 INFO    hrsync   [WRITTEN] Kimberly Labriola attrs[204] manager[204]
2026-06-04 10:56:36,969 INFO    hrsync   [WRITTEN] Meredith Skotschir attrs[204] manager[204]
2026-06-04 10:56:37,791 INFO    hrsync   [WRITTEN] Sally Sutterfield attrs[204] manager[204]
2026-06-04 10:56:38,765 INFO    hrsync   [WRITTEN] Erika Wood attrs[204] manager[204]
2026-06-04 10:56:39,641 INFO    hrsync   [WRITTEN] Wendy Kimble attrs[204] manager[204]
2026-06-04 10:56:40,396 INFO    hrsync   [WRITTEN] Rachel Pavelko attrs[204] manager[204]
2026-06-04 10:56:41,200 INFO    hrsync   [WRITTEN] Seandra Walker attrs[204] manager[204]
2026-06-04 10:56:42,101 INFO    hrsync   [WRITTEN] Jennifer Parmenter attrs[204] manager[204]
2026-06-04 10:56:42,865 INFO    hrsync   [WRITTEN] Mareena Atalla attrs[204] manager[204]
2026-06-04 10:56:43,731 INFO    hrsync   [WRITTEN] Marie Barkheimer attrs[204] manager[204]
2026-06-04 10:56:44,561 INFO    hrsync   [WRITTEN] LaMonda Carter attrs[204] manager[204]
2026-06-04 10:56:45,323 INFO    hrsync   [WRITTEN] Anthony D'Antonio attrs[204] manager[204]
2026-06-04 10:56:46,220 INFO    hrsync   [WRITTEN] Diana Diaz attrs[204] manager[204]
2026-06-04 10:56:47,037 INFO    hrsync   [WRITTEN] Norman Diveley attrs[204] manager[204]
2026-06-04 10:56:47,938 INFO    hrsync   [WRITTEN] Molly Fischer attrs[204] manager[204]
2026-06-04 10:56:48,764 INFO    hrsync   [WRITTEN] Tara Flakes attrs[204] manager[204]
2026-06-04 10:56:49,600 INFO    hrsync   [WRITTEN] Chad Green attrs[204] manager[204]
2026-06-04 10:56:50,536 INFO    hrsync   [WRITTEN] Charissa Howie attrs[204] manager[204]
2026-06-04 10:56:51,416 INFO    hrsync   [WRITTEN] Carrie Jones attrs[204] manager[204]
2026-06-04 10:56:52,188 INFO    hrsync   [WRITTEN] Rochelle King attrs[204] manager[204]
2026-06-04 10:56:52,966 INFO    hrsync   [WRITTEN] Mary Kreitz attrs[204] manager[204]
2026-06-04 10:56:53,783 INFO    hrsync   [WRITTEN] Jessica Kurz attrs[204] manager[204]
2026-06-04 10:56:54,643 INFO    hrsync   [WRITTEN] Louis LaGuardia attrs[204] manager[204]
2026-06-04 10:56:55,424 INFO    hrsync   [WRITTEN] Tiffany Martin attrs[204] manager[204]
2026-06-04 10:56:56,261 INFO    hrsync   [WRITTEN] Victoria Medla attrs[204] manager[204]
2026-06-04 10:56:57,081 INFO    hrsync   [WRITTEN] Daniel Mucci attrs[204] manager[204]
2026-06-04 10:56:57,916 INFO    hrsync   [WRITTEN] Rosina Muoio attrs[204] manager[204]
2026-06-04 10:56:58,701 INFO    hrsync   [WRITTEN] Samantha Newman attrs[204] manager[204]
2026-06-04 10:56:59,606 INFO    hrsync   [WRITTEN] Amber Nickol attrs[204] manager[204]
2026-06-04 10:57:00,609 INFO    hrsync   [WRITTEN] Riley Pullen attrs[204] manager[204]
2026-06-04 10:57:01,446 INFO    hrsync   [WRITTEN] Hilary Sircus attrs[204] manager[204]
2026-06-04 10:57:02,226 INFO    hrsync   [WRITTEN] Aundrea Stedman attrs[204] manager[204]
2026-06-04 10:57:03,320 INFO    hrsync   [WRITTEN] Mary Taylor attrs[204] manager[204]
2026-06-04 10:57:04,161 INFO    hrsync   [WRITTEN] Brooke Whittaker attrs[204] manager[204]
2026-06-04 10:57:04,944 INFO    hrsync   [WRITTEN] Lindsay Wootton attrs[204] manager[204]
2026-06-04 10:57:05,849 INFO    hrsync   [WRITTEN] Lorna Wright attrs[204] manager[204]
2026-06-04 10:57:06,766 INFO    hrsync   [WRITTEN] Erin Yancey attrs[204] manager[204]
2026-06-04 10:57:07,518 INFO    hrsync   [WRITTEN] Julianna Calabrese attrs[204] manager[204]
2026-06-04 10:57:08,354 INFO    hrsync   [WRITTEN] Emma Farkas attrs[204] manager[204]
2026-06-04 10:57:09,118 INFO    hrsync   [WRITTEN] Amy Griffiths attrs[204] manager[204]
2026-06-04 10:57:10,006 INFO    hrsync   [WRITTEN] Paula Washington attrs[204] manager[204]
2026-06-04 10:57:10,872 INFO    hrsync   [WRITTEN] Thomas Trachsel attrs[204] manager[204]
2026-06-04 10:57:11,656 INFO    hrsync   [WRITTEN] Allison Skotschir attrs[204] manager[204]
2026-06-04 10:57:12,635 INFO    hrsync   [WRITTEN] DeLisa Seals attrs[204] manager[204]
2026-06-04 10:57:13,406 INFO    hrsync   [WRITTEN] Rebecca Puett attrs[204] manager[204]
2026-06-04 10:57:14,204 INFO    hrsync   [WRITTEN] Chandra Piatt attrs[204] manager[204]
2026-06-04 10:57:15,243 INFO    hrsync   [WRITTEN] Maria Moore attrs[204] manager[204]
2026-06-04 10:57:16,268 INFO    hrsync   [WRITTEN] Sarah Mogorovic attrs[204] manager[204]
2026-06-04 10:57:17,040 INFO    hrsync   [WRITTEN] London Minor attrs[204] manager[204]
2026-06-04 10:57:17,844 INFO    hrsync   [WRITTEN] Micaela Michalk attrs[204] manager[204]
2026-06-04 10:57:18,609 INFO    hrsync   [WRITTEN] Bianca Means attrs[204] manager[204]
2026-06-04 10:57:19,551 INFO    hrsync   [WRITTEN] Emily McMahon attrs[204] manager[204]
2026-06-04 10:57:20,488 INFO    hrsync   [WRITTEN] Catherine McGowan attrs[204] manager[204]
2026-06-04 10:57:21,363 INFO    hrsync   [WRITTEN] Felicia Mazzei attrs[204] manager[204]
2026-06-04 10:57:22,107 INFO    hrsync   [WRITTEN] Avery Manse attrs[204] manager[204]
2026-06-04 10:57:23,009 INFO    hrsync   [WRITTEN] Moriah Howes attrs[204] manager[204]
2026-06-04 10:57:23,998 INFO    hrsync   [WRITTEN] Mackenzie Horner attrs[204] manager[204]
2026-06-04 10:57:24,734 INFO    hrsync   [WRITTEN] Addyson Hodgekin attrs[204] manager[204]
2026-06-04 10:57:25,718 INFO    hrsync   [WRITTEN] Christine Hilliard attrs[204] manager[204]
2026-06-04 10:57:26,518 INFO    hrsync   [WRITTEN] Jessie Hawk attrs[204] manager[204]
2026-06-04 10:57:27,466 INFO    hrsync   [WRITTEN] Mira Grcevich attrs[204] manager[204]
2026-06-04 10:57:28,204 INFO    hrsync   [WRITTEN] Miriam Gortney attrs[204] manager[204]
2026-06-04 10:57:29,009 INFO    hrsync   [WRITTEN] Lawrence Faulk attrs[204] manager[204]
2026-06-04 10:57:30,016 INFO    hrsync   [WRITTEN] Taylor Boschini attrs[204] manager[204]
2026-06-04 10:57:30,850 INFO    hrsync   [WRITTEN] Michelle Bishop attrs[204] manager[204]
2026-06-04 10:57:31,867 INFO    hrsync   [WRITTEN] Samantha Bragg attrs[204] manager[204]
2026-06-04 10:57:32,882 INFO    hrsync   [WRITTEN] Melinda Toth attrs[204] manager[204]
2026-06-04 10:57:33,685 INFO    hrsync   [WRITTEN] Maggie Bockoven attrs[204] manager[204]
2026-06-04 10:57:34,659 INFO    hrsync   [WRITTEN] Angela Crace attrs[204] manager[204]
2026-06-04 10:57:35,559 INFO    hrsync   [WRITTEN] Cynthia Ha attrs[204] manager[204]
2026-06-04 10:57:36,337 INFO    hrsync   [WRITTEN] Traci Foley attrs[204] manager[204]
2026-06-04 10:57:37,174 INFO    hrsync   [WRITTEN] Faith Briscoe attrs[204] manager[204]
2026-06-04 10:57:37,975 INFO    hrsync   [WRITTEN] Jodi Fellers attrs[204] manager[204]
2026-06-04 10:57:38,805 INFO    hrsync   [WRITTEN] Nicole Meeker attrs[204] manager[204]
2026-06-04 10:57:39,794 INFO    hrsync   [WRITTEN] Kevin Stokes attrs[204] manager[204]
2026-06-04 10:57:40,534 INFO    hrsync   [WRITTEN] Abigial Toporowsky attrs[204] manager[204]
2026-06-04 10:57:41,413 INFO    hrsync   [WRITTEN] Benjamin Tibaldi attrs[204] manager[204]
2026-06-04 10:57:42,283 INFO    hrsync   [WRITTEN] Ione Bach attrs[204] manager[204]
2026-06-04 10:57:43,165 INFO    hrsync   [WRITTEN] Sydney Harrison attrs[204] manager[204]
2026-06-04 10:57:43,955 INFO    hrsync   [WRITTEN] Envyonna Maddox attrs[204] manager[204]
2026-06-04 10:57:44,739 INFO    hrsync   [WRITTEN] Alayna Marks attrs[204] manager[204]
2026-06-04 10:57:45,649 INFO    hrsync   [WRITTEN] Robert Drotleff attrs[204] manager[204]
2026-06-04 10:57:46,415 INFO    hrsync   [WRITTEN] Ryan Knapp attrs[204] manager[204]
2026-06-04 10:57:47,578 INFO    hrsync   [WRITTEN] Raymond Perrenoud attrs[204] manager[204]
2026-06-04 10:57:48,510 INFO    hrsync   [WRITTEN] Jayme Phaphouvaninh attrs[204] manager[204]
2026-06-04 10:57:49,255 INFO    hrsync   [WRITTEN] Angela Hill attrs[204] manager[204]
2026-06-04 10:57:50,074 INFO    hrsync   [WRITTEN] Kathleen Marshall attrs[204] manager[204]
2026-06-04 10:57:50,897 INFO    hrsync   [WRITTEN] Yanitza Hernandez-Velez attrs[204] manager[204]
2026-06-04 10:57:51,810 INFO    hrsync   [WRITTEN] Zoey Viruet attrs[204] manager[204]
2026-06-04 10:57:52,690 INFO    hrsync   [WRITTEN] Jupiter Dean attrs[204] manager[204]
2026-06-04 10:57:53,486 INFO    hrsync   [WRITTEN] Tyshaun Brewer attrs[204] manager[204]
2026-06-04 10:57:54,248 INFO    hrsync   [WRITTEN] Caitlin Egan attrs[204] manager[204]
2026-06-04 10:57:55,171 INFO    hrsync   [WRITTEN] Pamela Jones attrs[204] manager[204]
2026-06-04 10:57:56,056 INFO    hrsync   [WRITTEN] John McFarland attrs[204] manager[204]
2026-06-04 10:57:56,848 INFO    hrsync   [WRITTEN] Amanda Kunzi attrs[204] manager[204]
2026-06-04 10:57:57,707 INFO    hrsync   [WRITTEN] Robert Williams attrs[204] manager[204]
2026-06-04 10:57:58,598 INFO    hrsync   [WRITTEN] Tristen Reid attrs[204] manager[204]
2026-06-04 10:57:59,370 INFO    hrsync   [WRITTEN] Lynne Zucker attrs[204] manager[204]
2026-06-04 10:58:00,231 INFO    hrsync   [WRITTEN] Calin McCarthy attrs[204] manager[204]
2026-06-04 10:58:00,984 INFO    hrsync   [WRITTEN] Thomas Phillips attrs[204] manager[204]
2026-06-04 10:58:01,830 INFO    hrsync   [WRITTEN] Paige Schory attrs[204] manager[204]
2026-06-04 10:58:02,709 INFO    hrsync   [WRITTEN] Veronica James attrs[204] manager[204]
2026-06-04 10:58:03,450 INFO    hrsync   [WRITTEN] Veira Wizy attrs[204] manager[204]
2026-06-04 10:58:04,278 INFO    hrsync   [WRITTEN] Megan Cox attrs[204] manager[204]
2026-06-04 10:58:05,083 INFO    hrsync   [WRITTEN] Lucas Merrill attrs[204] manager[204]
2026-06-04 10:58:06,154 INFO    hrsync   [WRITTEN] Jeffery Elliott attrs[204] manager[204]
2026-06-04 10:58:06,942 INFO    hrsync   [WRITTEN] Rikyiah Glen attrs[204] manager[204]
2026-06-04 10:58:07,813 INFO    hrsync   [WRITTEN] Howard Sterrett attrs[204] manager[204]
2026-06-04 10:58:08,738 INFO    hrsync   [WRITTEN] Sheri Webster attrs[204] manager[204]
2026-06-04 10:58:09,637 INFO    hrsync   [WRITTEN] Earl Murton attrs[204] manager[204]
2026-06-04 10:58:10,415 INFO    hrsync   [WRITTEN] Alivia Winemiller attrs[204] manager[204]
2026-06-04 10:58:11,313 INFO    hrsync   [WRITTEN] De'Andre York attrs[204] manager[204]
2026-06-04 10:58:12,254 INFO    hrsync   [WRITTEN] Spencer Coss attrs[204] manager[204]
2026-06-04 10:58:13,004 INFO    hrsync   [WRITTEN] Alexander Woodward attrs[204] manager[204]
2026-06-04 10:58:13,815 INFO    hrsync   [WRITTEN] Robert Moses attrs[204] manager[204]
2026-06-04 10:58:14,670 INFO    hrsync   [WRITTEN] Ashton Kinsey attrs[204] manager[204]
2026-06-04 10:58:15,478 INFO    hrsync   [WRITTEN] Evangeline Wright attrs[204] manager[204]
2026-06-04 10:58:16,417 INFO    hrsync   [WRITTEN] Samantha Roth attrs[204] manager[204]
2026-06-04 10:58:17,208 INFO    hrsync   [WRITTEN] India Beard attrs[204] manager[204]
2026-06-04 10:58:18,012 INFO    hrsync   [WRITTEN] Stephen Ekker attrs[204] manager[204]
2026-06-04 10:58:18,756 INFO    hrsync   [WRITTEN] Amara Mayle attrs[204] manager[204]
2026-06-04 10:58:19,579 INFO    hrsync   [WRITTEN] Courtney Lewis attrs[204] manager[204]
2026-06-04 10:58:20,394 INFO    hrsync   [WRITTEN] Shane Crawford attrs[204] manager[204]
2026-06-04 10:58:21,229 INFO    hrsync   [WRITTEN] Lashan Stewart attrs[204] manager[204]
2026-06-04 10:58:21,979 INFO    hrsync   [WRITTEN] Jennifer Kunzi attrs[204] manager[204]
2026-06-04 10:58:23,067 INFO    hrsync   [WRITTEN] Jawan Phillips attrs[204] manager[204]
2026-06-04 10:58:23,984 INFO    hrsync   [WRITTEN] Ava Dowdle attrs[204] manager[204]
2026-06-04 10:58:24,925 INFO    hrsync   [WRITTEN] Jill Sheaks attrs[204] manager[204]
2026-06-04 10:58:25,806 INFO    hrsync   [WRITTEN] Richard Richardson attrs[204] manager[204]
2026-06-04 10:58:26,589 INFO    hrsync   [WRITTEN] Zamari Smith attrs[204] manager[204]
2026-06-04 10:58:27,489 INFO    hrsync   [WRITTEN] Dennis Russ attrs[204] manager[204]
2026-06-04 10:58:28,353 INFO    hrsync   [WRITTEN] Nathaniel Wadian attrs[204] manager[204]
2026-06-04 10:58:29,116 INFO    hrsync   [WRITTEN] Ernestina Chavez attrs[204] manager[204]
2026-06-04 10:58:29,939 INFO    hrsync   [WRITTEN] Joseph Couts attrs[204] manager[204]
2026-06-04 10:58:30,844 INFO    hrsync   [WRITTEN] Elizabeth Bland attrs[204] manager[204]
2026-06-04 10:58:31,722 INFO    hrsync   [WRITTEN] Mekhi Lacey attrs[204] manager[204]
2026-06-04 10:58:32,463 INFO    hrsync   [WRITTEN] Lila Maver attrs[204] manager[204]
2026-06-04 10:58:33,280 INFO    hrsync   [WRITTEN] Paula Underwood attrs[204] manager[204]
2026-06-04 10:58:34,130 INFO    hrsync   [WRITTEN] Debra Weber attrs[204] manager[204]
2026-06-04 10:58:35,186 INFO    hrsync   [WRITTEN] Emily Novagradi attrs[204] manager[204]
2026-06-04 10:58:35,670 INFO    hrsync   [WRITTEN] Anthony Jenkins attrs[204] manager[unchanged]
2026-06-04 10:58:36,784 INFO    hrsync   [WRITTEN] Jessica Golubski attrs[204] manager[204]
2026-06-04 10:58:37,598 INFO    hrsync   [WRITTEN] Chy King attrs[204] manager[204]
2026-06-04 10:58:38,399 INFO    hrsync   [WRITTEN] Monica Caswell attrs[204] manager[204]
2026-06-04 10:58:39,227 INFO    hrsync   [WRITTEN] Alyssa Watkins attrs[204] manager[204]
2026-06-04 10:58:40,324 INFO    hrsync   [WRITTEN] Zipporah Moore attrs[204] manager[204]
2026-06-04 10:58:41,122 INFO    hrsync   [WRITTEN] Jaime Keyes attrs[204] manager[204]
2026-06-04 10:58:41,924 INFO    hrsync   [WRITTEN] Brendan Davis attrs[204] manager[204]
2026-06-04 10:58:42,834 INFO    hrsync   [WRITTEN] Debra Laurie attrs[204] manager[204]
2026-06-04 10:58:43,765 INFO    hrsync   [WRITTEN] Desean Whitson attrs[204] manager[204]
2026-06-04 10:58:44,549 INFO    hrsync   [WRITTEN] Jacquelyn McLaurin attrs[204] manager[204]
2026-06-04 10:58:45,300 INFO    hrsync   [WRITTEN] Andrew Bell attrs[204] manager[204]
2026-06-04 10:58:46,110 INFO    hrsync   [WRITTEN] Shamiere Core attrs[204] manager[204]
2026-06-04 10:58:46,939 INFO    hrsync   [WRITTEN] Bill Walls attrs[204] manager[204]
2026-06-04 10:58:47,953 INFO    hrsync   [WRITTEN] Dequawn Carroll attrs[204] manager[204]
2026-06-04 10:58:48,832 INFO    hrsync   [WRITTEN] Erin Smith attrs[204] manager[204]
2026-06-04 10:58:49,610 INFO    hrsync   [WRITTEN] Jennifer Ward attrs[204] manager[204]
2026-06-04 10:58:50,371 INFO    hrsync   [WRITTEN] Teena Nelson attrs[204] manager[204]
2026-06-04 10:58:51,192 INFO    hrsync   [WRITTEN] Michael Cowx attrs[204] manager[204]
2026-06-04 10:58:51,994 INFO    hrsync   [WRITTEN] Tyrone Brown attrs[204] manager[204]
2026-06-04 10:58:52,821 INFO    hrsync   [WRITTEN] Timothy Moore attrs[204] manager[204]
2026-06-04 10:58:53,706 INFO    hrsync   [WRITTEN] Trisha Byers attrs[204] manager[204]
2026-06-04 10:58:54,662 INFO    hrsync   [WRITTEN] Aysia Spruce attrs[204] manager[204]
2026-06-04 10:58:55,489 INFO    hrsync   [WRITTEN] Karissa Moore attrs[204] manager[204]
2026-06-04 10:58:56,261 INFO    hrsync   [WRITTEN] Joeline Sleight attrs[204] manager[204]
2026-06-04 10:58:57,171 INFO    hrsync   [WRITTEN] Stormi Weider attrs[204] manager[204]
2026-06-04 10:58:58,059 INFO    hrsync   [WRITTEN] Janson Maynard attrs[204] manager[204]
2026-06-04 10:58:59,016 INFO    hrsync   [WRITTEN] Gina Wright attrs[204] manager[204]
2026-06-04 10:58:59,913 INFO    hrsync   [WRITTEN] Lara Artymovich attrs[204] manager[204]
2026-06-04 10:59:00,645 INFO    hrsync   [WRITTEN] Nerissa Gay attrs[204] manager[204]
2026-06-04 10:59:01,476 INFO    hrsync   [WRITTEN] Kelly Stieger attrs[204] manager[204]
2026-06-04 10:59:02,501 INFO    hrsync   [WRITTEN] Mackensy Murphy attrs[204] manager[204]
2026-06-04 10:59:03,261 INFO    hrsync   [WRITTEN] Lily Minger attrs[204] manager[204]
2026-06-04 10:59:04,151 INFO    hrsync   [WRITTEN] Hannah Buhl attrs[204] manager[204]
2026-06-04 10:59:05,097 INFO    hrsync   [WRITTEN] Tenia Plummer attrs[204] manager[204]
2026-06-04 10:59:06,047 INFO    hrsync   [WRITTEN] Lisa Consorte attrs[204] manager[204]
2026-06-04 10:59:06,817 INFO    hrsync   [WRITTEN] Jeannette Tucker attrs[204] manager[204]
2026-06-04 10:59:07,649 INFO    hrsync   [WRITTEN] Claudia Santos Vargas attrs[204] manager[204]
2026-06-04 10:59:08,488 INFO    hrsync   [WRITTEN] Cole Kager attrs[204] manager[204]
2026-06-04 10:59:09,446 INFO    hrsync   [WRITTEN] Travion Petties attrs[204] manager[204]
2026-06-04 10:59:10,269 INFO    hrsync   [WRITTEN] Devon Fowler attrs[204] manager[204]
2026-06-04 10:59:11,053 INFO    hrsync   [WRITTEN] Cheryl Strick attrs[204] manager[204]
2026-06-04 10:59:11,871 INFO    hrsync   [WRITTEN] Colton Boyd attrs[204] manager[204]
2026-06-04 10:59:12,796 INFO    hrsync   [WRITTEN] Shyanne Couch attrs[204] manager[204]
2026-06-04 10:59:13,677 INFO    hrsync   [WRITTEN] Kimberley Maurice attrs[204] manager[204]
2026-06-04 10:59:14,649 INFO    hrsync   [WRITTEN] Elliot Allen attrs[204] manager[204]
2026-06-04 10:59:15,425 INFO    hrsync   [WRITTEN] Vicky Mackrovitch attrs[204] manager[204]
2026-06-04 10:59:16,339 INFO    hrsync   [WRITTEN] Ameliya Tucker attrs[204] manager[204]
2026-06-04 10:59:17,093 INFO    hrsync   [WRITTEN] Justin Sutton attrs[204] manager[204]
2026-06-04 10:59:17,886 INFO    hrsync   [WRITTEN] Brandi Chatmon attrs[204] manager[204]
2026-06-04 10:59:18,683 INFO    hrsync   [WRITTEN] John Needham attrs[204] manager[204]
2026-06-04 10:59:19,635 INFO    hrsync   [WRITTEN] Sarah Salah attrs[204] manager[204]
2026-06-04 10:59:20,372 INFO    hrsync   [WRITTEN] Meishyanna Adams attrs[204] manager[204]
2026-06-04 10:59:21,393 INFO    hrsync   [WRITTEN] Hanna Johnston attrs[204] manager[204]
2026-06-04 10:59:22,284 INFO    hrsync   [WRITTEN] Mariah Stanley attrs[204] manager[204]
2026-06-04 10:59:23,161 INFO    hrsync   [WRITTEN] Joshua Jaeger attrs[204] manager[204]
2026-06-04 10:59:24,037 INFO    hrsync   [WRITTEN] Jamaree Melvin attrs[204] manager[204]
2026-06-04 10:59:24,917 INFO    hrsync   [WRITTEN] Izabelle Poore attrs[204] manager[204]
2026-06-04 10:59:25,655 INFO    hrsync   [WRITTEN] Katrina Horton attrs[204] manager[204]
2026-06-04 10:59:26,595 INFO    hrsync   [WRITTEN] Brandon Simon attrs[204] manager[204]
2026-06-04 10:59:27,528 INFO    hrsync   [WRITTEN] Dena Scavelli attrs[204] manager[204]
2026-06-04 10:59:28,388 INFO    hrsync   [WRITTEN] Tamie Arias attrs[204] manager[204]
2026-06-04 10:59:29,419 INFO    hrsync   [WRITTEN] Philbert Fisher attrs[204] manager[204]
2026-06-04 10:59:30,271 INFO    hrsync   [WRITTEN] Riccardo Harris attrs[204] manager[204]
2026-06-04 10:59:31,026 INFO    hrsync   [WRITTEN] Kim Kemper attrs[204] manager[204]
2026-06-04 10:59:31,953 INFO    hrsync   [WRITTEN] Marie Coberly attrs[204] manager[204]
2026-06-04 10:59:32,742 INFO    hrsync   [WRITTEN] Scott Suarez attrs[204] manager[204]
2026-06-04 10:59:33,528 INFO    hrsync   [WRITTEN] Haylie Diaz attrs[204] manager[204]
2026-06-04 10:59:34,487 INFO    hrsync   [WRITTEN] Penelope Graham attrs[204] manager[204]
2026-06-04 10:59:35,286 INFO    hrsync   [WRITTEN] James Henry attrs[204] manager[204]
2026-06-04 10:59:36,241 INFO    hrsync   [WRITTEN] Patricia Brown attrs[204] manager[204]
2026-06-04 10:59:36,986 INFO    hrsync   [WRITTEN] CasSondra Burch attrs[204] manager[204]
2026-06-04 10:59:37,900 INFO    hrsync   [WRITTEN] Davon Petties attrs[204] manager[204]
2026-06-04 10:59:38,709 INFO    hrsync   [WRITTEN] Mia Novagradi attrs[204] manager[204]
2026-06-04 10:59:39,596 INFO    hrsync   [WRITTEN] Aaron Cain attrs[204] manager[204]
2026-06-04 10:59:40,373 INFO    hrsync   [WRITTEN] Tina Maguire attrs[204] manager[204]
2026-06-04 10:59:41,330 INFO    hrsync   [WRITTEN] Ryan Shaffer attrs[204] manager[204]
2026-06-04 10:59:42,088 INFO    hrsync   [WRITTEN] Kelly Langan attrs[204] manager[204]
2026-06-04 10:59:42,953 INFO    hrsync   [WRITTEN] Amaya Howard attrs[204] manager[204]
2026-06-04 10:59:43,742 INFO    hrsync   [WRITTEN] Alexandria Santiago attrs[204] manager[204]
2026-06-04 10:59:44,847 INFO    hrsync   [WRITTEN] Ella Joy attrs[204] manager[204]
2026-06-04 10:59:45,597 INFO    hrsync   [WRITTEN] Robert Ervin attrs[204] manager[204]
2026-06-04 10:59:46,418 INFO    hrsync   [WRITTEN] Yvonne Gatewood attrs[204] manager[204]
2026-06-04 10:59:47,273 INFO    hrsync   [WRITTEN] Michael McLaughlin attrs[204] manager[204]
2026-06-04 10:59:48,193 INFO    hrsync   [WRITTEN] Sarah Gonzalez attrs[204] manager[204]
2026-06-04 10:59:49,091 INFO    hrsync   [WRITTEN] Heidi Millard attrs[204] manager[204]
2026-06-04 10:59:49,970 INFO    hrsync   [WRITTEN] Javion Montgomery attrs[204] manager[204]
2026-06-04 10:59:50,714 INFO    hrsync   [WRITTEN] Dimitrios Ragousis attrs[204] manager[204]
2026-06-04 10:59:51,666 INFO    hrsync   [WRITTEN] Ahbay Mitchell attrs[204] manager[204]
2026-06-04 10:59:52,438 INFO    hrsync   [WRITTEN] Sophia Kiggins attrs[204] manager[204]
2026-06-04 10:59:53,276 INFO    hrsync   [WRITTEN] Adrienne Jackson attrs[204] manager[204]
2026-06-04 10:59:54,068 INFO    hrsync   [WRITTEN] Amanda Shamblin attrs[204] manager[204]
2026-06-04 10:59:55,031 INFO    hrsync   [WRITTEN] Kassandra Santana attrs[204] manager[204]
2026-06-04 10:59:55,993 INFO    hrsync   [WRITTEN] Alexis Troyer attrs[204] manager[204]
2026-06-04 10:59:56,739 INFO    hrsync   [WRITTEN] Lexie Nicholson attrs[204] manager[204]
2026-06-04 10:59:57,624 INFO    hrsync   [WRITTEN] Kay Mattice attrs[204] manager[204]
2026-06-04 10:59:58,569 INFO    hrsync   [WRITTEN] Beth Richards attrs[204] manager[204]
2026-06-04 10:59:59,414 INFO    hrsync   [WRITTEN] Katherine Kent attrs[204] manager[204]
2026-06-04 11:00:00,184 INFO    hrsync   [WRITTEN] Alexandria Nathaniel attrs[204] manager[204]
2026-06-04 11:00:01,156 INFO    hrsync   [WRITTEN] Taylor Rivera attrs[204] manager[204]
2026-06-04 11:00:01,941 INFO    hrsync   [WRITTEN] Christopher Cavallaro attrs[204] manager[204]
2026-06-04 11:00:02,685 INFO    hrsync   [WRITTEN] Noelle Segal attrs[204] manager[204]
2026-06-04 11:00:03,577 INFO    hrsync   [WRITTEN] Joyce Simmons attrs[204] manager[204]
2026-06-04 11:00:04,357 INFO    hrsync   [WRITTEN] Christian Webb attrs[204] manager[204]
2026-06-04 11:00:05,232 INFO    hrsync   [WRITTEN] Shane Locke attrs[204] manager[204]
2026-06-04 11:00:05,239 INFO    report   Wrote HR sync plan: /home/philromano/Downloads/ukgtoentra/reports/hr_sync_plan_20260604_110005.csv (888 users)
2026-06-04 11:00:05,240 WARNING report   153 AD-synced user(s) were NOT written to Entra (mastered on-prem). See: /home/philromano/Downloads/ukgtoentra/reports/on_prem_changes_20260604_110005.csv
2026-06-04 11:00:05,241 INFO    report   Wrote PowerShell script for 153 AD-synced user(s): /home/philromano/Downloads/ukgtoentra/reports/on_prem_changes_20260604_110005.ps1
2026-06-04 11:00:05,254 INFO    report   Wrote audit log: /home/philromano/Downloads/ukgtoentra/reports/audit_20260604_110005.json
2026-06-04 11:00:05,257 INFO    report   Wrote rollback backup (735 users): /home/philromano/Downloads/ukgtoentra/reports/backup_20260604_110005.json
2026-06-04 11:00:05,257 WARNING main     ACTION NEEDED: 153 AD-synced user(s) must be updated in on-prem AD (not Entra). See reports/on_prem_changes_*.csv
2026-06-04 11:00:05,257 INFO    main     Done.
